Component: Arm Compiler for Embedded 6.21 Tool: armlink [5ec1fa00]

==============================================================================

Section Cross References

    startup_stm32f103xe.o(RESET) refers to startup_stm32f103xe.o(STACK) for __initial_sp
    startup_stm32f103xe.o(RESET) refers to startup_stm32f103xe.o(.text) for Reset_Handler
    startup_stm32f103xe.o(RESET) refers to stm32f1xx_it.o(.text.NMI_Handler) for NMI_Handler
    startup_stm32f103xe.o(RESET) refers to stm32f1xx_it.o(.text.HardFault_Handler) for HardFault_Handler
    startup_stm32f103xe.o(RESET) refers to stm32f1xx_it.o(.text.MemManage_Handler) for MemManage_Handler
    startup_stm32f103xe.o(RESET) refers to stm32f1xx_it.o(.text.BusFault_Handler) for BusFault_Handler
    startup_stm32f103xe.o(RESET) refers to stm32f1xx_it.o(.text.UsageFault_Handler) for UsageFault_Handler
    startup_stm32f103xe.o(RESET) refers to stm32f1xx_it.o(.text.SVC_Handler) for SVC_Handler
    startup_stm32f103xe.o(RESET) refers to stm32f1xx_it.o(.text.DebugMon_Handler) for DebugMon_Handler
    startup_stm32f103xe.o(RESET) refers to stm32f1xx_it.o(.text.PendSV_Handler) for PendSV_Handler
    startup_stm32f103xe.o(RESET) refers to stm32f1xx_it.o(.text.SysTick_Handler) for SysTick_Handler
    startup_stm32f103xe.o(RESET) refers to stm32f1xx_it.o(.text.EXTI0_IRQHandler) for EXTI0_IRQHandler
    startup_stm32f103xe.o(RESET) refers to stm32f1xx_it.o(.text.DMA1_Channel6_IRQHandler) for DMA1_Channel6_IRQHandler
    startup_stm32f103xe.o(RESET) refers to stm32f1xx_it.o(.text.DMA1_Channel7_IRQHandler) for DMA1_Channel7_IRQHandler
    startup_stm32f103xe.o(RESET) refers to stm32f1xx_it.o(.text.I2C1_EV_IRQHandler) for I2C1_EV_IRQHandler
    startup_stm32f103xe.o(RESET) refers to stm32f1xx_it.o(.text.I2C1_ER_IRQHandler) for I2C1_ER_IRQHandler
    startup_stm32f103xe.o(RESET) refers to stm32f1xx_it.o(.text.EXTI15_10_IRQHandler) for EXTI15_10_IRQHandler
    startup_stm32f103xe.o(.text) refers to system_stm32f1xx.o(.text.SystemInit) for SystemInit
    startup_stm32f103xe.o(.text) refers to entry.o(.ARM.Collect$$$$00000000) for __main
    font.o(.rodata.afont8x6) refers to font.o(.rodata.ascii_8x6) for ascii_8x6
    font.o(.rodata.afont12x6) refers to font.o(.rodata.ascii_12x6) for ascii_12x6
    font.o(.rodata.afont16x8) refers to font.o(.rodata.ascii_16x8) for ascii_16x8
    font.o(.rodata.afont24x12) refers to font.o(.rodata.ascii_24x12) for ascii_24x12
    font.o(.rodata.font16x16) refers to font.o(.rodata.zh16x16) for zh16x16
    font.o(.rodata.font16x16) refers to font.o(.rodata.afont8x6) for afont8x6
    font.o(.rodata.bilibiliImg) refers to font.o(.rodata.bilibiliData) for bilibiliData
    oled.o(.text.OLED_Send) refers to i2c.o(.bss.hi2c1) for hi2c1
    oled.o(.text.OLED_Send) refers to stm32f1xx_hal_i2c.o(.text.HAL_I2C_Master_Transmit_DMA) for HAL_I2C_Master_Transmit_DMA
    oled.o(.ARM.exidx.text.OLED_Send) refers to oled.o(.text.OLED_Send) for [Anonymous Symbol]
    oled.o(.text.OLED_SendCmd) refers to oled.o(.bss.OLED_SendCmd.sendBuffer) for OLED_SendCmd.sendBuffer
    oled.o(.text.OLED_SendCmd) refers to i2c.o(.bss.hi2c1) for hi2c1
    oled.o(.text.OLED_SendCmd) refers to stm32f1xx_hal_i2c.o(.text.HAL_I2C_Master_Transmit_DMA) for HAL_I2C_Master_Transmit_DMA
    oled.o(.ARM.exidx.text.OLED_SendCmd) refers to oled.o(.text.OLED_SendCmd) for [Anonymous Symbol]
    oled.o(.text.OLED_Init) refers to oled.o(.bss.OLED_SendCmd.sendBuffer) for OLED_SendCmd.sendBuffer
    oled.o(.text.OLED_Init) refers to i2c.o(.bss.hi2c1) for hi2c1
    oled.o(.text.OLED_Init) refers to stm32f1xx_hal_i2c.o(.text.HAL_I2C_Master_Transmit_DMA) for HAL_I2C_Master_Transmit_DMA
    oled.o(.text.OLED_Init) refers to oled.o(.bss.OLED_GRAM) for OLED_GRAM
    oled.o(.text.OLED_Init) refers to memseta.o(.text) for __aeabi_memclr4
    oled.o(.text.OLED_Init) refers to oled.o(.text.OLED_ShowFrame) for OLED_ShowFrame
    oled.o(.ARM.exidx.text.OLED_Init) refers to oled.o(.text.OLED_Init) for [Anonymous Symbol]
    oled.o(.text.OLED_DisPlay_On) refers to oled.o(.bss.OLED_SendCmd.sendBuffer) for OLED_SendCmd.sendBuffer
    oled.o(.text.OLED_DisPlay_On) refers to i2c.o(.bss.hi2c1) for hi2c1
    oled.o(.text.OLED_DisPlay_On) refers to stm32f1xx_hal_i2c.o(.text.HAL_I2C_Master_Transmit_DMA) for HAL_I2C_Master_Transmit_DMA
    oled.o(.ARM.exidx.text.OLED_DisPlay_On) refers to oled.o(.text.OLED_DisPlay_On) for [Anonymous Symbol]
    oled.o(.text.OLED_DisPlay_Off) refers to oled.o(.bss.OLED_SendCmd.sendBuffer) for OLED_SendCmd.sendBuffer
    oled.o(.text.OLED_DisPlay_Off) refers to i2c.o(.bss.hi2c1) for hi2c1
    oled.o(.text.OLED_DisPlay_Off) refers to stm32f1xx_hal_i2c.o(.text.HAL_I2C_Master_Transmit_DMA) for HAL_I2C_Master_Transmit_DMA
    oled.o(.ARM.exidx.text.OLED_DisPlay_Off) refers to oled.o(.text.OLED_DisPlay_Off) for [Anonymous Symbol]
    oled.o(.text.OLED_SetColorMode) refers to oled.o(.bss.OLED_SendCmd.sendBuffer) for OLED_SendCmd.sendBuffer
[...]
    Removing stm32f1xx_hal_dma.o(.text.HAL_DMA_Abort), (70 bytes).
    Removing stm32f1xx_hal_dma.o(.ARM.exidx.text.HAL_DMA_Abort), (8 bytes).
    Removing stm32f1xx_hal_dma.o(.ARM.exidx.text.HAL_DMA_Abort_IT), (8 bytes).
    Removing stm32f1xx_hal_dma.o(.text.HAL_DMA_PollForTransfer), (1464 bytes).
    Removing stm32f1xx_hal_dma.o(.ARM.exidx.text.HAL_DMA_PollForTransfer), (8 bytes).
    Removing stm32f1xx_hal_dma.o(.ARM.exidx.text.HAL_DMA_IRQHandler), (8 bytes).
    Removing stm32f1xx_hal_dma.o(.text.HAL_DMA_RegisterCallback), (86 bytes).
    Removing stm32f1xx_hal_dma.o(.ARM.exidx.text.HAL_DMA_RegisterCallback), (8 bytes).
    Removing stm32f1xx_hal_dma.o(.text.HAL_DMA_UnRegisterCallback), (120 bytes).
    Removing stm32f1xx_hal_dma.o(.ARM.exidx.text.HAL_DMA_UnRegisterCallback), (8 bytes).
    Removing stm32f1xx_hal_dma.o(.ARM.exidx.text.HAL_DMA_GetState), (8 bytes).
    Removing stm32f1xx_hal_dma.o(.text.HAL_DMA_GetError), (4 bytes).
    Removing stm32f1xx_hal_dma.o(.ARM.exidx.text.HAL_DMA_GetError), (8 bytes).
    Removing stm32f1xx_hal_cortex.o(.text), (0 bytes).
    Removing stm32f1xx_hal_cortex.o(.ARM.exidx.text.HAL_NVIC_SetPriorityGrouping), (8 bytes).
    Removing stm32f1xx_hal_cortex.o(.ARM.exidx.text.HAL_NVIC_SetPriority), (8 bytes).
    Removing stm32f1xx_hal_cortex.o(.ARM.exidx.text.HAL_NVIC_EnableIRQ), (8 bytes).
    Removing stm32f1xx_hal_cortex.o(.text.HAL_NVIC_DisableIRQ), (42 bytes).
    Removing stm32f1xx_hal_cortex.o(.ARM.exidx.text.HAL_NVIC_DisableIRQ), (8 bytes).
    Removing stm32f1xx_hal_cortex.o(.text.HAL_NVIC_SystemReset), (4 bytes).
    Removing stm32f1xx_hal_cortex.o(.ARM.exidx.text.HAL_NVIC_SystemReset), (8 bytes).
    Removing stm32f1xx_hal_cortex.o(.text.__NVIC_SystemReset), (42 bytes).
    Removing stm32f1xx_hal_cortex.o(.ARM.exidx.text.__NVIC_SystemReset), (8 bytes).
    Removing stm32f1xx_hal_cortex.o(.ARM.exidx.text.HAL_SYSTICK_Config), (8 bytes).
    Removing stm32f1xx_hal_cortex.o(.text.HAL_NVIC_GetPriorityGrouping), (16 bytes).
    Removing stm32f1xx_hal_cortex.o(.ARM.exidx.text.HAL_NVIC_GetPriorityGrouping), (8 bytes).
    Removing stm32f1xx_hal_cortex.o(.text.HAL_NVIC_GetPriority), (90 bytes).
    Removing stm32f1xx_hal_cortex.o(.ARM.exidx.text.HAL_NVIC_GetPriority), (8 bytes).
    Removing stm32f1xx_hal_cortex.o(.text.HAL_NVIC_SetPendingIRQ), (34 bytes).
    Removing stm32f1xx_hal_cortex.o(.ARM.exidx.text.HAL_NVIC_SetPendingIRQ), (8 bytes).
    Removing stm32f1xx_hal_cortex.o(.text.HAL_NVIC_GetPendingIRQ), (38 bytes).
    Removing stm32f1xx_hal_cortex.o(.ARM.exidx.text.HAL_NVIC_GetPendingIRQ), (8 bytes).
    Removing stm32f1xx_hal_cortex.o(.text.HAL_NVIC_ClearPendingIRQ), (34 bytes).
    Removing stm32f1xx_hal_cortex.o(.ARM.exidx.text.HAL_NVIC_ClearPendingIRQ), (8 bytes).
    Removing stm32f1xx_hal_cortex.o(.text.HAL_NVIC_GetActive), (38 bytes).
    Removing stm32f1xx_hal_cortex.o(.ARM.exidx.text.HAL_NVIC_GetActive), (8 bytes).
    Removing stm32f1xx_hal_cortex.o(.text.HAL_SYSTICK_CLKSourceConfig), (24 bytes).
    Removing stm32f1xx_hal_cortex.o(.ARM.exidx.text.HAL_SYSTICK_CLKSourceConfig), (8 bytes).
    Removing stm32f1xx_hal_cortex.o(.text.HAL_SYSTICK_IRQHandler), (4 bytes).
    Removing stm32f1xx_hal_cortex.o(.ARM.exidx.text.HAL_SYSTICK_IRQHandler), (8 bytes).
    Removing stm32f1xx_hal_cortex.o(.text.HAL_SYSTICK_Callback), (2 bytes).
    Removing stm32f1xx_hal_cortex.o(.ARM.exidx.text.HAL_SYSTICK_Callback), (8 bytes).
    Removing stm32f1xx_hal_pwr.o(.text), (0 bytes).
    Removing stm32f1xx_hal_pwr.o(.text.HAL_PWR_DeInit), (26 bytes).
    Removing stm32f1xx_hal_pwr.o(.ARM.exidx.text.HAL_PWR_DeInit), (8 bytes).
    Removing stm32f1xx_hal_pwr.o(.text.HAL_PWR_EnableBkUpAccess), (12 bytes).
    Removing stm32f1xx_hal_pwr.o(.ARM.exidx.text.HAL_PWR_EnableBkUpAccess), (8 bytes).
    Removing stm32f1xx_hal_pwr.o(.text.HAL_PWR_DisableBkUpAccess), (12 bytes).
    Removing stm32f1xx_hal_pwr.o(.ARM.exidx.text.HAL_PWR_DisableBkUpAccess), (8 bytes).
    Removing stm32f1xx_hal_pwr.o(.text.HAL_PWR_ConfigPVD), (130 bytes).
    Removing stm32f1xx_hal_pwr.o(.ARM.exidx.text.HAL_PWR_ConfigPVD), (8 bytes).
    Removing stm32f1xx_hal_pwr.o(.text.HAL_PWR_EnablePVD), (12 bytes).
    Removing stm32f1xx_hal_pwr.o(.ARM.exidx.text.HAL_PWR_EnablePVD), (8 bytes).
    Removing stm32f1xx_hal_pwr.o(.text.HAL_PWR_DisablePVD), (12 bytes).
    Removing stm32f1xx_hal_pwr.o(.ARM.exidx.text.HAL_PWR_DisablePVD), (8 bytes).
    Removing stm32f1xx_hal_pwr.o(.text.HAL_PWR_EnableWakeUpPin), (22 bytes).
    Removing stm32f1xx_hal_pwr.o(.ARM.exidx.text.HAL_PWR_EnableWakeUpPin), (8 bytes).
    Removing stm32f1xx_hal_pwr.o(.text.HAL_PWR_DisableWakeUpPin), (22 bytes).
    Removing stm32f1xx_hal_pwr.o(.ARM.exidx.text.HAL_PWR_DisableWakeUpPin), (8 bytes).
    Removing stm32f1xx_hal_pwr.o(.text.HAL_PWR_EnterSLEEPMode), (30 bytes).
    Removing stm32f1xx_hal_pwr.o(.ARM.exidx.text.HAL_PWR_EnterSLEEPMode), (8 bytes).
    Removing stm32f1xx_hal_pwr.o(.text.HAL_PWR_EnterSTOPMode), (80 bytes).
    Removing stm32f1xx_hal_pwr.o(.ARM.exidx.text.HAL_PWR_EnterSTOPMode), (8 bytes).
    Removing stm32f1xx_hal_pwr.o(.text.PWR_OverloadWfe), (6 bytes).
    Removing stm32f1xx_hal_pwr.o(.ARM.exidx.text.PWR_OverloadWfe), (8 bytes).
    Removing stm32f1xx_hal_pwr.o(.text.HAL_PWR_EnterSTANDBYMode), (36 bytes).
    Removing stm32f1xx_hal_pwr.o(.ARM.exidx.text.HAL_PWR_EnterSTANDBYMode), (8 bytes).
    Removing stm32f1xx_hal_pwr.o(.text.HAL_PWR_EnableSleepOnExit), (18 bytes).
    Removing stm32f1xx_hal_pwr.o(.ARM.exidx.text.HAL_PWR_EnableSleepOnExit), (8 bytes).
    Removing stm32f1xx_hal_pwr.o(.text.HAL_PWR_DisableSleepOnExit), (18 bytes).
    Removing stm32f1xx_hal_pwr.o(.ARM.exidx.text.HAL_PWR_DisableSleepOnExit), (8 bytes).
    Removing stm32f1xx_hal_pwr.o(.text.HAL_PWR_EnableSEVOnPend), (18 bytes).
    Removing stm32f1xx_hal_pwr.o(.ARM.exidx.text.HAL_PWR_EnableSEVOnPend), (8 bytes).
    Removing stm32f1xx_hal_pwr.o(.text.HAL_PWR_DisableSEVOnPend), (18 bytes).
    Removing stm32f1xx_hal_pwr.o(.ARM.exidx.text.HAL_PWR_DisableSEVOnPend), (8 bytes).
    Removing stm32f1xx_hal_pwr.o(.text.HAL_PWR_PVD_IRQHandler), (30 bytes).
    Removing stm32f1xx_hal_pwr.o(.ARM.exidx.text.HAL_PWR_PVD_IRQHandler), (8 bytes).
    Removing stm32f1xx_hal_pwr.o(.text.HAL_PWR_PVDCallback), (2 bytes).
    Removing stm32f1xx_hal_pwr.o(.ARM.exidx.text.HAL_PWR_PVDCallback), (8 bytes).
    Removing stm32f1xx_hal_flash.o(.text), (0 bytes).
    Removing stm32f1xx_hal_flash.o(.text.HAL_FLASH_Program), (172 bytes).
    Removing stm32f1xx_hal_flash.o(.ARM.exidx.text.HAL_FLASH_Program), (8 bytes).
    Removing stm32f1xx_hal_flash.o(.text.FLASH_WaitForLastOperation), (224 bytes).
    Removing stm32f1xx_hal_flash.o(.ARM.exidx.text.FLASH_WaitForLastOperation), (8 bytes).
    Removing stm32f1xx_hal_flash.o(.text.HAL_FLASH_Program_IT), (92 bytes).
    Removing stm32f1xx_hal_flash.o(.ARM.exidx.text.HAL_FLASH_Program_IT), (8 bytes).
    Removing stm32f1xx_hal_flash.o(.text.HAL_FLASH_IRQHandler), (368 bytes).
    Removing stm32f1xx_hal_flash.o(.ARM.exidx.text.HAL_FLASH_IRQHandler), (8 bytes).
    Removing stm32f1xx_hal_flash.o(.text.HAL_FLASH_OperationErrorCallback), (2 bytes).
    Removing stm32f1xx_hal_flash.o(.ARM.exidx.text.HAL_FLASH_OperationErrorCallback), (8 bytes).
    Removing stm32f1xx_hal_flash.o(.text.HAL_FLASH_EndOfOperationCallback), (2 bytes).
    Removing stm32f1xx_hal_flash.o(.ARM.exidx.text.HAL_FLASH_EndOfOperationCallback), (8 bytes).
    Removing stm32f1xx_hal_flash.o(.text.HAL_FLASH_Unlock), (46 bytes).
    Removing stm32f1xx_hal_flash.o(.ARM.exidx.text.HAL_FLASH_Unlock), (8 bytes).
    Removing stm32f1xx_hal_flash.o(.text.HAL_FLASH_Lock), (20 bytes).
    Removing stm32f1xx_hal_flash.o(.ARM.exidx.text.HAL_FLASH_Lock), (8 bytes).
    Removing stm32f1xx_hal_flash.o(.text.HAL_FLASH_OB_Unlock), (42 bytes).
    Removing stm32f1xx_hal_flash.o(.ARM.exidx.text.HAL_FLASH_OB_Unlock), (8 bytes).
    Removing stm32f1xx_hal_flash.o(.text.HAL_FLASH_OB_Lock), (20 bytes).
    Removing stm32f1xx_hal_flash.o(.ARM.exidx.text.HAL_FLASH_OB_Lock), (8 bytes).
    Removing stm32f1xx_hal_flash.o(.text.HAL_FLASH_OB_Launch), (4 bytes).
    Removing stm32f1xx_hal_flash.o(.ARM.exidx.text.HAL_FLASH_OB_Launch), (8 bytes).
    Removing stm32f1xx_hal_flash.o(.text.HAL_FLASH_GetError), (12 bytes).
    Removing stm32f1xx_hal_flash.o(.ARM.exidx.text.HAL_FLASH_GetError), (8 bytes).
    Removing stm32f1xx_hal_flash.o(.bss.pFlash), (32 bytes).
    Removing stm32f1xx_hal_flash_ex.o(.text), (0 bytes).
    Removing stm32f1xx_hal_flash_ex.o(.text.HAL_FLASHEx_Erase), (238 bytes).
    Removing stm32f1xx_hal_flash_ex.o(.ARM.exidx.text.HAL_FLASHEx_Erase), (8 bytes).
    Removing stm32f1xx_hal_flash_ex.o(.text.FLASH_PageErase), (40 bytes).
    Removing stm32f1xx_hal_flash_ex.o(.ARM.exidx.text.FLASH_PageErase), (8 bytes).
    Removing stm32f1xx_hal_flash_ex.o(.text.HAL_FLASHEx_Erase_IT), (98 bytes).
    Removing stm32f1xx_hal_flash_ex.o(.ARM.exidx.text.HAL_FLASHEx_Erase_IT), (8 bytes).
    Removing stm32f1xx_hal_flash_ex.o(.text.HAL_FLASHEx_OBErase), (172 bytes).
    Removing stm32f1xx_hal_flash_ex.o(.ARM.exidx.text.HAL_FLASHEx_OBErase), (8 bytes).
    Removing stm32f1xx_hal_flash_ex.o(.text.HAL_FLASHEx_OBProgram), (698 bytes).
    Removing stm32f1xx_hal_flash_ex.o(.ARM.exidx.text.HAL_FLASHEx_OBProgram), (8 bytes).
    Removing stm32f1xx_hal_flash_ex.o(.text.HAL_FLASHEx_OBGetConfig), (42 bytes).
    Removing stm32f1xx_hal_flash_ex.o(.ARM.exidx.text.HAL_FLASHEx_OBGetConfig), (8 bytes).
    Removing stm32f1xx_hal_flash_ex.o(.text.HAL_FLASHEx_OBGetUserData), (34 bytes).
    Removing stm32f1xx_hal_flash_ex.o(.ARM.exidx.text.HAL_FLASHEx_OBGetUserData), (8 bytes).
    Removing stm32f1xx_hal_exti.o(.text), (0 bytes).
    Removing stm32f1xx_hal_exti.o(.text.HAL_EXTI_SetConfigLine), (180 bytes).
    Removing stm32f1xx_hal_exti.o(.ARM.exidx.text.HAL_EXTI_SetConfigLine), (8 bytes).
    Removing stm32f1xx_hal_exti.o(.text.HAL_EXTI_GetConfigLine), (148 bytes).
    Removing stm32f1xx_hal_exti.o(.ARM.exidx.text.HAL_EXTI_GetConfigLine), (8 bytes).
    Removing stm32f1xx_hal_exti.o(.text.HAL_EXTI_ClearConfigLine), (140 bytes).
    Removing stm32f1xx_hal_exti.o(.ARM.exidx.text.HAL_EXTI_ClearConfigLine), (8 bytes).
    Removing stm32f1xx_hal_exti.o(.text.HAL_EXTI_RegisterCallback), (12 bytes).
    Removing stm32f1xx_hal_exti.o(.ARM.exidx.text.HAL_EXTI_RegisterCallback), (8 bytes).
    Removing stm32f1xx_hal_exti.o(.text.HAL_EXTI_GetHandle), (12 bytes).
    Removing stm32f1xx_hal_exti.o(.ARM.exidx.text.HAL_EXTI_GetHandle), (8 bytes).
    Removing stm32f1xx_hal_exti.o(.text.HAL_EXTI_IRQHandler), (42 bytes).
    Removing stm32f1xx_hal_exti.o(.ARM.exidx.text.HAL_EXTI_IRQHandler), (8 bytes).
    Removing stm32f1xx_hal_exti.o(.text.HAL_EXTI_GetPending), (28 bytes).
    Removing stm32f1xx_hal_exti.o(.ARM.exidx.text.HAL_EXTI_GetPending), (8 bytes).
    Removing stm32f1xx_hal_exti.o(.text.HAL_EXTI_ClearPending), (24 bytes).
    Removing stm32f1xx_hal_exti.o(.ARM.exidx.text.HAL_EXTI_ClearPending), (8 bytes).
    Removing stm32f1xx_hal_exti.o(.text.HAL_EXTI_GenerateSWI), (24 bytes).
    Removing stm32f1xx_hal_exti.o(.ARM.exidx.text.HAL_EXTI_GenerateSWI), (8 bytes).
    Removing stm32f1xx_hal_tim.o(.text), (0 bytes).
    Removing stm32f1xx_hal_tim_ex.o(.text), (0 bytes).
    Removing stm32f1xx_hal_uart.o(.text), (0 bytes).
    Removing stm32f1xx_hal_uart.o(.ARM.exidx.text.HAL_UART_Init), (8 bytes).
    Removing stm32f1xx_hal_uart.o(.text.HAL_UART_MspInit), (2 bytes).
    Removing stm32f1xx_hal_uart.o(.ARM.exidx.text.HAL_UART_MspInit), (8 bytes).
    Removing stm32f1xx_hal_uart.o(.text.HAL_HalfDuplex_Init), (234 bytes).
    Removing stm32f1xx_hal_uart.o(.ARM.exidx.text.HAL_HalfDuplex_Init), (8 bytes).
    Removing stm32f1xx_hal_uart.o(.text.HAL_LIN_Init), (248 bytes).
    Removing stm32f1xx_hal_uart.o(.ARM.exidx.text.HAL_LIN_Init), (8 bytes).
    Removing stm32f1xx_hal_uart.o(.text.HAL_MultiProcessor_Init), (260 bytes).
    Removing stm32f1xx_hal_uart.o(.ARM.exidx.text.HAL_MultiProcessor_Init), (8 bytes).
    Removing stm32f1xx_hal_uart.o(.text.HAL_UART_DeInit), (56 bytes).
    Removing stm32f1xx_hal_uart.o(.ARM.exidx.text.HAL_UART_DeInit), (8 bytes).
    Removing stm32f1xx_hal_uart.o(.text.HAL_UART_MspDeInit), (2 bytes).
    Removing stm32f1xx_hal_uart.o(.ARM.exidx.text.HAL_UART_MspDeInit), (8 bytes).
    Removing stm32f1xx_hal_uart.o(.ARM.exidx.text.HAL_UART_Transmit), (8 bytes).
    Removing stm32f1xx_hal_uart.o(.text.HAL_UART_Receive), (542 bytes).
    Removing stm32f1xx_hal_uart.o(.ARM.exidx.text.HAL_UART_Receive), (8 bytes).
    Removing stm32f1xx_hal_uart.o(.text.HAL_UART_Transmit_IT), (56 bytes).
    Removing stm32f1xx_hal_uart.o(.ARM.exidx.text.HAL_UART_Transmit_IT), (8 bytes).
    Removing stm32f1xx_hal_uart.o(.text.HAL_UART_Receive_IT), (84 bytes).
    Removing stm32f1xx_hal_uart.o(.ARM.exidx.text.HAL_UART_Receive_IT), (8 bytes).
    Removing stm32f1xx_hal_uart.o(.text.UART_Start_Receive_IT), (50 bytes).
    Removing stm32f1xx_hal_uart.o(.ARM.exidx.text.UART_Start_Receive_IT), (8 bytes).
    Removing stm32f1xx_hal_uart.o(.text.HAL_UART_Transmit_DMA), (182 bytes).
    Removing stm32f1xx_hal_uart.o(.ARM.exidx.text.HAL_UART_Transmit_DMA), (8 bytes).
    Removing stm32f1xx_hal_uart.o(.text.UART_DMATransmitCplt), (176 bytes).
    Removing stm32f1xx_hal_uart.o(.ARM.exidx.text.UART_DMATransmitCplt), (8 bytes).
    Removing stm32f1xx_hal_uart.o(.text.UART_DMATxHalfCplt), (6 bytes).
    Removing stm32f1xx_hal_uart.o(.ARM.exidx.text.UART_DMATxHalfCplt), (8 bytes).
    Removing stm32f1xx_hal_uart.o(.text.UART_DMAError), (380 bytes).
    Removing stm32f1xx_hal_uart.o(.ARM.exidx.text.UART_DMAError), (8 bytes).
    Removing stm32f1xx_hal_uart.o(.text.HAL_UART_Receive_DMA), (352 bytes).
    Removing stm32f1xx_hal_uart.o(.ARM.exidx.text.HAL_UART_Receive_DMA), (8 bytes).
    Removing stm32f1xx_hal_uart.o(.text.UART_Start_Receive_DMA), (316 bytes).
    Removing stm32f1xx_hal_uart.o(.ARM.exidx.text.UART_Start_Receive_DMA), (8 bytes).
    Removing stm32f1xx_hal_uart.o(.text.HAL_UART_DMAPause), (342 bytes).
    Removing stm32f1xx_hal_uart.o(.ARM.exidx.text.HAL_UART_DMAPause), (8 bytes).
    Removing stm32f1xx_hal_uart.o(.text.HAL_UART_DMAResume), (348 bytes).
    Removing stm32f1xx_hal_uart.o(.ARM.exidx.text.HAL_UART_DMAResume), (8 bytes).
    Removing stm32f1xx_hal_uart.o(.text.HAL_UART_DMAStop), (540 bytes).
    Removing stm32f1xx_hal_uart.o(.ARM.exidx.text.HAL_UART_DMAStop), (8 bytes).
    Removing stm32f1xx_hal_uart.o(.text.HAL_UARTEx_ReceiveToIdle), (466 bytes).
    Removing stm32f1xx_hal_uart.o(.ARM.exidx.text.HAL_UARTEx_ReceiveToIdle), (8 bytes).
    Removing stm32f1xx_hal_uart.o(.text.HAL_UARTEx_ReceiveToIdle_IT), (200 bytes).
    Removing stm32f1xx_hal_uart.o(.ARM.exidx.text.HAL_UARTEx_ReceiveToIdle_IT), (8 bytes).
    Removing stm32f1xx_hal_uart.o(.text.HAL_UARTEx_ReceiveToIdle_DMA), (458 bytes).
    Removing stm32f1xx_hal_uart.o(.ARM.exidx.text.HAL_UARTEx_ReceiveToIdle_DMA), (8 bytes).
    Removing stm32f1xx_hal_uart.o(.text.HAL_UARTEx_GetRxEventType), (4 bytes).
    Removing stm32f1xx_hal_uart.o(.ARM.exidx.text.HAL_UARTEx_GetRxEventType), (8 bytes).
    Removing stm32f1xx_hal_uart.o(.text.HAL_UART_Abort), (482 bytes).
    Removing stm32f1xx_hal_uart.o(.ARM.exidx.text.HAL_UART_Abort), (8 bytes).
    Removing stm32f1xx_hal_uart.o(.text.HAL_UART_AbortTransmit), (208 bytes).
    Removing stm32f1xx_hal_uart.o(.ARM.exidx.text.HAL_UART_AbortTransmit), (8 bytes).
    Removing stm32f1xx_hal_uart.o(.text.HAL_UART_AbortReceive), (366 bytes).
    Removing stm32f1xx_hal_uart.o(.ARM.exidx.text.HAL_UART_AbortReceive), (8 bytes).
    Removing stm32f1xx_hal_uart.o(.text.HAL_UART_Abort_IT), (516 bytes).
    Removing stm32f1xx_hal_uart.o(.ARM.exidx.text.HAL_UART_Abort_IT), (8 bytes).
    Removing stm32f1xx_hal_uart.o(.text.UART_DMATxAbortCallback), (42 bytes).
    Removing stm32f1xx_hal_uart.o(.ARM.exidx.text.UART_DMATxAbortCallback), (8 bytes).
    Removing stm32f1xx_hal_uart.o(.text.UART_DMARxAbortCallback), (42 bytes).
    Removing stm32f1xx_hal_uart.o(.ARM.exidx.text.UART_DMARxAbortCallback), (8 bytes).
    Removing stm32f1xx_hal_uart.o(.text.HAL_UART_AbortCpltCallback), (2 bytes).
    Removing stm32f1xx_hal_uart.o(.ARM.exidx.text.HAL_UART_AbortCpltCallback), (8 bytes).
    Removing stm32f1xx_hal_uart.o(.text.HAL_UART_AbortTransmit_IT), (212 bytes).
    Removing stm32f1xx_hal_uart.o(.ARM.exidx.text.HAL_UART_AbortTransmit_IT), (8 bytes).
    Removing stm32f1xx_hal_uart.o(.text.UART_DMATxOnlyAbortCallback), (16 bytes).
    Removing stm32f1xx_hal_uart.o(.ARM.exidx.text.UART_DMATxOnlyAbortCallback), (8 bytes).
    Removing stm32f1xx_hal_uart.o(.text.HAL_UART_AbortTransmitCpltCallback), (2 bytes).
    Removing stm32f1xx_hal_uart.o(.ARM.exidx.text.HAL_UART_AbortTransmitCpltCallback), (8 bytes).
    Removing stm32f1xx_hal_uart.o(.text.HAL_UART_AbortReceive_IT), (370 bytes).
    Removing stm32f1xx_hal_uart.o(.ARM.exidx.text.HAL_UART_AbortReceive_IT), (8 bytes).
    Removing stm32f1xx_hal_uart.o(.text.UART_DMARxOnlyAbortCallback), (18 bytes).
    Removing stm32f1xx_hal_uart.o(.ARM.exidx.text.UART_DMARxOnlyAbortCallback), (8 bytes).
    Removing stm32f1xx_hal_uart.o(.text.HAL_UART_AbortReceiveCpltCallback), (2 bytes).
    Removing stm32f1xx_hal_uart.o(.ARM.exidx.text.HAL_UART_AbortReceiveCpltCallback), (8 bytes).
    Removing stm32f1xx_hal_uart.o(.text.HAL_UART_IRQHandler), (1392 bytes).
    Removing stm32f1xx_hal_uart.o(.ARM.exidx.text.HAL_UART_IRQHandler), (8 bytes).
    Removing stm32f1xx_hal_uart.o(.text.UART_Receive_IT), (254 bytes).
    Removing stm32f1xx_hal_uart.o(.ARM.exidx.text.UART_Receive_IT), (8 bytes).
    Removing stm32f1xx_hal_uart.o(.text.UART_DMAAbortOnError), (12 bytes).
    Removing stm32f1xx_hal_uart.o(.ARM.exidx.text.UART_DMAAbortOnError), (8 bytes).
    Removing stm32f1xx_hal_uart.o(.text.HAL_UART_ErrorCallback), (2 bytes).
    Removing stm32f1xx_hal_uart.o(.ARM.exidx.text.HAL_UART_ErrorCallback), (8 bytes).
    Removing stm32f1xx_hal_uart.o(.text.HAL_UARTEx_RxEventCallback), (2 bytes).
    Removing stm32f1xx_hal_uart.o(.ARM.exidx.text.HAL_UARTEx_RxEventCallback), (8 bytes).
    Removing stm32f1xx_hal_uart.o(.text.HAL_UART_TxCpltCallback), (2 bytes).
    Removing stm32f1xx_hal_uart.o(.ARM.exidx.text.HAL_UART_TxCpltCallback), (8 bytes).
    Removing stm32f1xx_hal_uart.o(.text.HAL_UART_TxHalfCpltCallback), (2 bytes).
    Removing stm32f1xx_hal_uart.o(.ARM.exidx.text.HAL_UART_TxHalfCpltCallback), (8 bytes).
    Removing stm32f1xx_hal_uart.o(.text.HAL_UART_RxCpltCallback), (2 bytes).
    Removing stm32f1xx_hal_uart.o(.ARM.exidx.text.HAL_UART_RxCpltCallback), (8 bytes).
    Removing stm32f1xx_hal_uart.o(.text.HAL_UART_RxHalfCpltCallback), (2 bytes).
    Removing stm32f1xx_hal_uart.o(.ARM.exidx.text.HAL_UART_RxHalfCpltCallback), (8 bytes).
    Removing stm32f1xx_hal_uart.o(.text.HAL_LIN_SendBreak), (114 bytes).
    Removing stm32f1xx_hal_uart.o(.ARM.exidx.text.HAL_LIN_SendBreak), (8 bytes).
    Removing stm32f1xx_hal_uart.o(.text.HAL_MultiProcessor_EnterMuteMode), (116 bytes).
    Removing stm32f1xx_hal_uart.o(.ARM.exidx.text.HAL_MultiProcessor_EnterMuteMode), (8 bytes).
    Removing stm32f1xx_hal_uart.o(.text.HAL_MultiProcessor_ExitMuteMode), (116 bytes).
    Removing stm32f1xx_hal_uart.o(.ARM.exidx.text.HAL_MultiProcessor_ExitMuteMode), (8 bytes).
    Removing stm32f1xx_hal_uart.o(.text.HAL_HalfDuplex_EnableTransmitter), (44 bytes).
    Removing stm32f1xx_hal_uart.o(.ARM.exidx.text.HAL_HalfDuplex_EnableTransmitter), (8 bytes).
    Removing stm32f1xx_hal_uart.o(.text.HAL_HalfDuplex_EnableReceiver), (46 bytes).
    Removing stm32f1xx_hal_uart.o(.ARM.exidx.text.HAL_HalfDuplex_EnableReceiver), (8 bytes).
    Removing stm32f1xx_hal_uart.o(.text.HAL_UART_GetState), (14 bytes).
    Removing stm32f1xx_hal_uart.o(.ARM.exidx.text.HAL_UART_GetState), (8 bytes).
    Removing stm32f1xx_hal_uart.o(.text.HAL_UART_GetError), (4 bytes).
    Removing stm32f1xx_hal_uart.o(.ARM.exidx.text.HAL_UART_GetError), (8 bytes).
    Removing stm32f1xx_hal_uart.o(.text.UART_DMAReceiveCplt), (350 bytes).
    Removing stm32f1xx_hal_uart.o(.ARM.exidx.text.UART_DMAReceiveCplt), (8 bytes).
    Removing stm32f1xx_hal_uart.o(.text.UART_DMARxHalfCplt), (24 bytes).
    Removing stm32f1xx_hal_uart.o(.ARM.exidx.text.UART_DMARxHalfCplt), (8 bytes).
    Removing system_stm32f1xx.o(.text), (0 bytes).
    Removing system_stm32f1xx.o(.ARM.exidx.text.SystemInit), (8 bytes).
    Removing system_stm32f1xx.o(.text.SystemCoreClockUpdate), (92 bytes).
    Removing system_stm32f1xx.o(.ARM.exidx.text.SystemCoreClockUpdate), (8 bytes).
    Removing dfltui.o(.text), (26 bytes).

593 unused section(s) (total 45438 bytes) removed from the image.

==============================================================================

Image Symbol Table

    Local Symbols

    Symbol Name                              Value     Ov Type        Size  Object(Section)

    ../clib/../cmprslib/zerorunl2.c          0x00000000   Number         0  __dczerorl2.o ABSOLUTE
    ../clib/microlib/init/entry.s            0x00000000   Number         0  entry.o ABSOLUTE
    ../clib/microlib/init/entry.s            0x00000000   Number         0  entry2.o ABSOLUTE
    ../clib/microlib/init/entry.s            0x00000000   Number         0  entry5.o ABSOLUTE
    ../clib/microlib/init/entry.s            0x00000000   Number         0  entry7a.o ABSOLUTE
    ../clib/microlib/init/entry.s            0x00000000   Number         0  entry7b.o ABSOLUTE
    ../clib/microlib/init/entry.s            0x00000000   Number         0  entry8a.o ABSOLUTE
    ../clib/microlib/init/entry.s            0x00000000   Number         0  entry8b.o ABSOLUTE
    ../clib/microlib/init/entry.s            0x00000000   Number         0  entry9a.o ABSOLUTE
    ../clib/microlib/init/entry.s            0x00000000   Number         0  entry9b.o ABSOLUTE
    ../clib/microlib/init/entry.s            0x00000000   Number         0  entry10a.o ABSOLUTE
    ../clib/microlib/init/entry.s            0x00000000   Number         0  entry10b.o ABSOLUTE
    ../clib/microlib/init/entry.s            0x00000000   Number         0  entry11a.o ABSOLUTE
    ../clib/microlib/init/entry.s            0x00000000   Number         0  entry11b.o ABSOLUTE
    ../clib/microlib/longlong.c              0x00000000   Number         0  llshl.o ABSOLUTE
    ../clib/microlib/longlong.c              0x00000000   Number         0  llushr.o ABSOLUTE
    ../clib/microlib/longlong.c              0x00000000   Number         0  llsshr.o ABSOLUTE
    ../clib/microlib/stdio/puts.c            0x00000000   Number         0  puts.o ABSOLUTE
    ../clib/microlib/stdio/puts.c            0x00000000   Number         0  puts_e.o ABSOLUTE
    ../clib/microlib/stdio/streams.c         0x00000000   Number         0  stdout.o ABSOLUTE
    ../clib/microlib/string/memcmp.c         0x00000000   Number         0  memcmp.o ABSOLUTE
    ../clib/microlib/string/memcpy.c         0x00000000   Number         0  memcpya.o ABSOLUTE
    ../clib/microlib/string/memcpy.c         0x00000000   Number         0  memcpyb.o ABSOLUTE
    ../clib/microlib/string/memset.c         0x00000000   Number         0  memseta.o ABSOLUTE
    ../clib/microlib/stubs.s                 0x00000000   Number         0  iusefp.o ABSOLUTE
    ../fplib/microlib/f2d.c                  0x00000000   Number         0  f2d.o ABSOLUTE
    ../fplib/microlib/fpadd.c                0x00000000   Number         0  fadd.o ABSOLUTE
    ../fplib/microlib/fpadd.c                0x00000000   Number         0  dadd.o ABSOLUTE
    ../fplib/microlib/fpcmp.c                0x00000000   Number         0  fcmple.o ABSOLUTE
    ../fplib/microlib/fpcmp.c                0x00000000   Number         0  fcmplt.o ABSOLUTE
    ../fplib/microlib/fpcmp.c                0x00000000   Number         0  fcmpgt.o ABSOLUTE
    ../fplib/microlib/fpcmp.c                0x00000000   Number         0  fcmpeq.o ABSOLUTE
    ../fplib/microlib/fpdiv.c                0x00000000   Number         0  fdiv.o ABSOLUTE
    ../fplib/microlib/fpepilogue.c           0x00000000   Number         0  fepilogue.o ABSOLUTE
    ../fplib/microlib/fpepilogue.c           0x00000000   Number         0  depilogue.o ABSOLUTE
    ../fplib/microlib/fpfix.c                0x00000000   Number         0  ffixi.o ABSOLUTE
    ../fplib/microlib/fpfix.c                0x00000000   Number         0  dfixi.o ABSOLUTE
    ../fplib/microlib/fpflt.c                0x00000000   Number         0  fflti.o ABSOLUTE
    ../fplib/microlib/fpflt.c                0x00000000   Number         0  dflti.o ABSOLUTE
    ../fplib/microlib/fpflt.c                0x00000000   Number         0  dfltui.o ABSOLUTE
    ../fplib/microlib/fpmul.c                0x00000000   Number         0  fmul.o ABSOLUTE
    ../fplib/microlib/fpmul.c                0x00000000   Number         0  dmul.o ABSOLUTE
    UI_Move.c                                0x00000000   Number         0  ui_move.o ABSOLUTE
    dc.s                                     0x00000000   Number         0  dc.o ABSOLUTE
    dma.c                                    0x00000000   Number         0  dma.o ABSOLUTE
    font.c                                   0x00000000   Number         0  font.o ABSOLUTE
    gpio.c                                   0x00000000   Number         0  gpio.o ABSOLUTE
    handlers.s                               0x00000000   Number         0  handlers.o ABSOLUTE
    i2c.c                                    0x00000000   Number         0  i2c.o ABSOLUTE
    init.s                                   0x00000000   Number         0  init.o ABSOLUTE
    main.c                                   0x00000000   Number         0  main.o ABSOLUTE
    oled.c                                   0x00000000   Number         0  oled.o ABSOLUTE
    startup_stm32f103xe.s                    0x00000000   Number         0  startup_stm32f103xe.o ABSOLUTE
    stm32f1xx_hal.c                          0x00000000   Number         0  stm32f1xx_hal.o ABSOLUTE
    stm32f1xx_hal_cortex.c                   0x00000000   Number         0  stm32f1xx_hal_cortex.o ABSOLUTE
    stm32f1xx_hal_dma.c                      0x00000000   Number         0  stm32f1xx_hal_dma.o ABSOLUTE
    stm32f1xx_hal_exti.c                     0x00000000   Number         0  stm32f1xx_hal_exti.o ABSOLUTE
    stm32f1xx_hal_flash.c                    0x00000000   Number         0  stm32f1xx_hal_flash.o ABSOLUTE
    stm32f1xx_hal_flash_ex.c                 0x00000000   Number         0  stm32f1xx_hal_flash_ex.o ABSOLUTE
    stm32f1xx_hal_gpio.c                     0x00000000   Number         0  stm32f1xx_hal_gpio.o ABSOLUTE
    stm32f1xx_hal_gpio_ex.c                  0x00000000   Number         0  stm32f1xx_hal_gpio_ex.o ABSOLUTE
    stm32f1xx_hal_i2c.c                      0x00000000   Number         0  stm32f1xx_hal_i2c.o ABSOLUTE
    stm32f1xx_hal_msp.c                      0x00000000   Number         0  stm32f1xx_hal_msp.o ABSOLUTE
    stm32f1xx_hal_pwr.c                      0x00000000   Number         0  stm32f1xx_hal_pwr.o ABSOLUTE
    stm32f1xx_hal_rcc.c                      0x00000000   Number         0  stm32f1xx_hal_rcc.o ABSOLUTE
    stm32f1xx_hal_rcc_ex.c                   0x00000000   Number         0  stm32f1xx_hal_rcc_ex.o ABSOLUTE
    stm32f1xx_hal_tim.c                      0x00000000   Number         0  stm32f1xx_hal_tim.o ABSOLUTE
    stm32f1xx_hal_tim_ex.c                   0x00000000   Number         0  stm32f1xx_hal_tim_ex.o ABSOLUTE
    stm32f1xx_hal_uart.c                     0x00000000   Number         0  stm32f1xx_hal_uart.o ABSOLUTE
    stm32f1xx_it.c                           0x00000000   Number         0  stm32f1xx_it.o ABSOLUTE
    system_stm32f1xx.c                       0x00000000   Number         0  system_stm32f1xx.o ABSOLUTE
    usart.c                                  0x00000000   Number         0  usart.o ABSOLUTE
    RESET                                    0x08000000   Section      304  startup_stm32f103xe.o(RESET)
    .ARM.Collect$$$$00000000                 0x08000130   Section        0  entry.o(.ARM.Collect$$$$00000000)
    .ARM.Collect$$$$00000001                 0x08000130   Section        4  entry2.o(.ARM.Collect$$$$00000001)
    .ARM.Collect$$$$00000004                 0x08000134   Section        4  entry5.o(.ARM.Collect$$$$00000004)
    .ARM.Collect$$$$00000008                 0x08000138   Section        0  entry7b.o(.ARM.Collect$$$$00000008)
    .ARM.Collect$$$$0000000A                 0x08000138   Section        0  entry8b.o(.ARM.Collect$$$$0000000A)
    .ARM.Collect$$$$0000000B                 0x08000138   Section        8  entry9a.o(.ARM.Collect$$$$0000000B)
    __lit__00000000                          0x08000140   Data           4  entry2.o(.ARM.Collect$$$$00002712)
    .ARM.Collect$$$$0000000D                 0x08000140   Section        0  entry10a.o(.ARM.Collect$$$$0000000D)
    .ARM.Collect$$$$0000000F                 0x08000140   Section        0  entry11a.o(.ARM.Collect$$$$0000000F)
    .ARM.Collect$$$$00002712                 0x08000140   Section        4  entry2.o(.ARM.Collect$$$$00002712)
    .text                                    0x08000144   Section       36  startup_stm32f103xe.o(.text)
    .text                                    0x08000168   Section        0  memcpya.o(.text)
    .text                                    0x0800018c   Section        0  memseta.o(.text)
    .text                                    0x080001b0   Section        0  fadd.o(.text)
    .text                                    0x08000260   Section        0  fmul.o(.text)
    .text                                    0x080002c4   Section        0  fdiv.o(.text)
    .text                                    0x08000340   Section        0  dadd.o(.text)
    .text                                    0x0800048e   Section        0  dmul.o(.text)
    .text                                    0x08000572   Section        0  fcmple.o(.text)
    .text                                    0x0800058e   Section        0  fcmplt.o(.text)
    .text                                    0x080005aa   Section        0  fcmpgt.o(.text)
    .text                                    0x080005c6   Section        0  fcmpeq.o(.text)
    .text                                    0x080005e2   Section        0  fflti.o(.text)
    .text                                    0x080005f4   Section        0  dflti.o(.text)
    .text                                    0x08000616   Section        0  ffixi.o(.text)
    .text                                    0x08000648   Section        0  dfixi.o(.text)
    .text                                    0x08000686   Section        0  f2d.o(.text)
    .text                                    0x080006ac   Section        0  llshl.o(.text)
    .text                                    0x080006ca   Section        0  llushr.o(.text)
    .text                                    0x080006ea   Section        0  llsshr.o(.text)
    .text                                    0x0800070e   Section        0  iusefp.o(.text)
    .text                                    0x0800070e   Section        0  fepilogue.o(.text)
    .text                                    0x0800077c   Section        0  depilogue.o(.text)
    .text                                    0x08000838   Section       48  init.o(.text)
    .text                                    0x08000868   Section        0  __dczerorl2.o(.text)
    [Anonymous Symbol]                       0x080008c0   Section        0  stm32f1xx_it.o(.text.BusFault_Handler)
    [Anonymous Symbol]                       0x080008c4   Section        0  stm32f1xx_it.o(.text.DMA1_Channel6_IRQHandler)
    [Anonymous Symbol]                       0x080008d0   Section        0  stm32f1xx_it.o(.text.DMA1_Channel7_IRQHandler)
    [Anonymous Symbol]                       0x080008dc   Section        0  stm32f1xx_it.o(.text.DebugMon_Handler)
    [Anonymous Symbol]                       0x080008e0   Section        0  stm32f1xx_it.o(.text.EXTI0_IRQHandler)
    [Anonymous Symbol]                       0x080008e8   Section        0  stm32f1xx_it.o(.text.EXTI15_10_IRQHandler)
    [Anonymous Symbol]                       0x080008f0   Section        0  main.o(.text.Error_Handler)
    [Anonymous Symbol]                       0x080008fc   Section        0  stm32f1xx_hal_dma.o(.text.HAL_DMA_Abort_IT)
    [Anonymous Symbol]                       0x08000a2c   Section        0  stm32f1xx_hal_dma.o(.text.HAL_DMA_GetState)
    [Anonymous Symbol]                       0x08000a34   Section        0  stm32f1xx_hal_dma.o(.text.HAL_DMA_IRQHandler)
    [Anonymous Symbol]                       0x08000cc4   Section        0  stm32f1xx_hal_dma.o(.text.HAL_DMA_Init)
    [Anonymous Symbol]                       0x08000d64   Section        0  stm32f1xx_hal_dma.o(.text.HAL_DMA_Start_IT)
    [Anonymous Symbol]                       0x08000e04   Section        0  stm32f1xx_hal.o(.text.HAL_Delay)
    [Anonymous Symbol]                       0x08000e2c   Section        0  main.o(.text.HAL_GPIO_EXTI_Callback)
    [Anonymous Symbol]                       0x08000ef0   Section        0  stm32f1xx_hal_gpio.o(.text.HAL_GPIO_EXTI_IRQHandler)
    [Anonymous Symbol]                       0x08000f08   Section        0  stm32f1xx_hal_gpio.o(.text.HAL_GPIO_Init)
    [Anonymous Symbol]                       0x080010fc   Section        0  stm32f1xx_hal_gpio.o(.text.HAL_GPIO_ReadPin)
    [Anonymous Symbol]                       0x08001108   Section        0  stm32f1xx_hal.o(.text.HAL_GetTick)
    [Anonymous Symbol]                       0x08001114   Section        0  stm32f1xx_hal_i2c.o(.text.HAL_I2C_AbortCpltCallback)
    [Anonymous Symbol]                       0x08001118   Section        0  stm32f1xx_hal_i2c.o(.text.HAL_I2C_AddrCallback)
    [Anonymous Symbol]                       0x0800111c   Section        0  stm32f1xx_hal_i2c.o(.text.HAL_I2C_ER_IRQHandler)
    [Anonymous Symbol]                       0x08001270   Section        0  stm32f1xx_hal_i2c.o(.text.HAL_I2C_EV_IRQHandler)
    [Anonymous Symbol]                       0x080018b0   Section        0  stm32f1xx_hal_i2c.o(.text.HAL_I2C_ErrorCallback)
    [Anonymous Symbol]                       0x080018b4   Section        0  stm32f1xx_hal_i2c.o(.text.HAL_I2C_Init)
    [Anonymous Symbol]                       0x08001a18   Section        0  stm32f1xx_hal_i2c.o(.text.HAL_I2C_ListenCpltCallback)
    [Anonymous Symbol]                       0x08001a1c   Section        0  stm32f1xx_hal_i2c.o(.text.HAL_I2C_MasterRxCpltCallback)
    [Anonymous Symbol]                       0x08001a20   Section        0  stm32f1xx_hal_i2c.o(.text.HAL_I2C_MasterTxCpltCallback)
    [Anonymous Symbol]                       0x08001a24   Section        0  stm32f1xx_hal_i2c.o(.text.HAL_I2C_Master_Transmit_DMA)
    [Anonymous Symbol]                       0x08001bcc   Section        0  stm32f1xx_hal_i2c.o(.text.HAL_I2C_MemRxCpltCallback)
    [Anonymous Symbol]                       0x08001bd0   Section        0  stm32f1xx_hal_i2c.o(.text.HAL_I2C_MemTxCpltCallback)
    [Anonymous Symbol]                       0x08001bd4   Section        0  i2c.o(.text.HAL_I2C_MspInit)
    [Anonymous Symbol]                       0x08001cc4   Section        0  stm32f1xx_hal_i2c.o(.text.HAL_I2C_SlaveRxCpltCallback)
    [Anonymous Symbol]                       0x08001cc8   Section        0  stm32f1xx_hal_i2c.o(.text.HAL_I2C_SlaveTxCpltCallback)
    [Anonymous Symbol]                       0x08001ccc   Section        0  stm32f1xx_hal.o(.text.HAL_IncTick)
    [Anonymous Symbol]                       0x08001ce8   Section        0  stm32f1xx_hal.o(.text.HAL_Init)
    [Anonymous Symbol]                       0x08001d10   Section        0  stm32f1xx_hal.o(.text.HAL_InitTick)
    [Anonymous Symbol]                       0x08001d58   Section        0  stm32f1xx_hal_msp.o(.text.HAL_MspInit)
    [Anonymous Symbol]                       0x08001d9c   Section        0  stm32f1xx_hal_cortex.o(.text.HAL_NVIC_EnableIRQ)
    [Anonymous Symbol]                       0x08001dc0   Section        0  stm32f1xx_hal_cortex.o(.text.HAL_NVIC_SetPriority)
    [Anonymous Symbol]                       0x08001e18   Section        0  stm32f1xx_hal_cortex.o(.text.HAL_NVIC_SetPriorityGrouping)
    [Anonymous Symbol]                       0x08001e38   Section        0  stm32f1xx_hal_rcc.o(.text.HAL_RCC_ClockConfig)
    [Anonymous Symbol]                       0x08001ffc   Section        0  stm32f1xx_hal_rcc.o(.text.HAL_RCC_GetPCLK1Freq)
    [Anonymous Symbol]                       0x08002024   Section        0  stm32f1xx_hal_rcc.o(.text.HAL_RCC_GetPCLK2Freq)
    [Anonymous Symbol]                       0x0800204c   Section        0  stm32f1xx_hal_rcc.o(.text.HAL_RCC_OscConfig)
    [Anonymous Symbol]                       0x0800244c   Section        0  stm32f1xx_hal_cortex.o(.text.HAL_SYSTICK_Config)
    [Anonymous Symbol]                       0x08002478   Section        0  stm32f1xx_hal_uart.o(.text.HAL_UART_Init)
    [Anonymous Symbol]                       0x0800255c   Section        0  usart.o(.text.HAL_UART_MspInit)
    [Anonymous Symbol]                       0x080025d8   Section        0  stm32f1xx_hal_uart.o(.text.HAL_UART_Transmit)
    [Anonymous Symbol]                       0x08002750   Section        0  stm32f1xx_it.o(.text.HardFault_Handler)
    [Anonymous Symbol]                       0x08002754   Section        0  stm32f1xx_it.o(.text.I2C1_ER_IRQHandler)
    [Anonymous Symbol]                       0x08002760   Section        0  stm32f1xx_it.o(.text.I2C1_EV_IRQHandler)
    I2C_DMAAbort                             0x0800276d   Thumb Code   290  stm32f1xx_hal_i2c.o(.text.I2C_DMAAbort)
    [Anonymous Symbol]                       0x0800276c   Section        0  stm32f1xx_hal_i2c.o(.text.I2C_DMAAbort)
    I2C_DMAError                             0x08002891   Thumb Code    58  stm32f1xx_hal_i2c.o(.text.I2C_DMAError)
    [Anonymous Symbol]                       0x08002890   Section        0  stm32f1xx_hal_i2c.o(.text.I2C_DMAError)
    I2C_DMAXferCplt                          0x080028cd   Thumb Code   304  stm32f1xx_hal_i2c.o(.text.I2C_DMAXferCplt)
    [Anonymous Symbol]                       0x080028cc   Section        0  stm32f1xx_hal_i2c.o(.text.I2C_DMAXferCplt)
    I2C_ITError                              0x080029fd   Thumb Code   396  stm32f1xx_hal_i2c.o(.text.I2C_ITError)
    [Anonymous Symbol]                       0x080029fc   Section        0  stm32f1xx_hal_i2c.o(.text.I2C_ITError)
    I2C_MasterReceive_BTF                    0x08002b89   Thumb Code   248  stm32f1xx_hal_i2c.o(.text.I2C_MasterReceive_BTF)
    [Anonymous Symbol]                       0x08002b88   Section        0  stm32f1xx_hal_i2c.o(.text.I2C_MasterReceive_BTF)
    I2C_MasterReceive_RXNE                   0x08002c81   Thumb Code   326  stm32f1xx_hal_i2c.o(.text.I2C_MasterReceive_RXNE)
    [Anonymous Symbol]                       0x08002c80   Section        0  stm32f1xx_hal_i2c.o(.text.I2C_MasterReceive_RXNE)
    I2C_MasterTransmit_BTF                   0x08002dc9   Thumb Code   130  stm32f1xx_hal_i2c.o(.text.I2C_MasterTransmit_BTF)
    [Anonymous Symbol]                       0x08002dc8   Section        0  stm32f1xx_hal_i2c.o(.text.I2C_MasterTransmit_BTF)
    I2C_MasterTransmit_TXE                   0x08002e4d   Thumb Code   178  stm32f1xx_hal_i2c.o(.text.I2C_MasterTransmit_TXE)
    [Anonymous Symbol]                       0x08002e4c   Section        0  stm32f1xx_hal_i2c.o(.text.I2C_MasterTransmit_TXE)
    I2C_MemoryTransmit_TXE_BTF               0x08002f01   Thumb Code   190  stm32f1xx_hal_i2c.o(.text.I2C_MemoryTransmit_TXE_BTF)
    [Anonymous Symbol]                       0x08002f00   Section        0  stm32f1xx_hal_i2c.o(.text.I2C_MemoryTransmit_TXE_BTF)
    [Anonymous Symbol]                       0x08002fc0   Section        0  dma.o(.text.MX_DMA_Init)
    [Anonymous Symbol]                       0x08003004   Section        0  gpio.o(.text.MX_GPIO_Init)
    [Anonymous Symbol]                       0x080030a4   Section        0  i2c.o(.text.MX_I2C1_Init)
    [Anonymous Symbol]                       0x080030e8   Section        0  usart.o(.text.MX_USART1_UART_Init)
    [Anonymous Symbol]                       0x08003124   Section        0  stm32f1xx_it.o(.text.MemManage_Handler)
    [Anonymous Symbol]                       0x08003128   Section        0  stm32f1xx_it.o(.text.NMI_Handler)
    [Anonymous Symbol]                       0x0800312c   Section        0  oled.o(.text.OLED_DrawFilledRectangle)
    [Anonymous Symbol]                       0x0800316c   Section        0  oled.o(.text.OLED_DrawFilledRectangleWithCorners)
    [Anonymous Symbol]                       0x08003210   Section        0  oled.o(.text.OLED_DrawLine)
    [Anonymous Symbol]                       0x08003500   Section        0  oled.o(.text.OLED_DrawRectangle)
    [Anonymous Symbol]                       0x0800355c   Section        0  oled.o(.text.OLED_Init)
    [Anonymous Symbol]                       0x08003890   Section        0  oled.o(.text.OLED_NewFrame)
    [Anonymous Symbol]                       0x080038a4   Section        0  oled.o(.text.OLED_PrintASCIIString)
    [Anonymous Symbol]                       0x080038fc   Section        0  oled.o(.text.OLED_SetBits_Fine)
    [Anonymous Symbol]                       0x08003a20   Section        0  oled.o(.text.OLED_SetBlock)
    [Anonymous Symbol]                       0x08003de8   Section        0  oled.o(.text.OLED_ShowFrame)
    [Anonymous Symbol]                       0x08003e88   Section        0  stm32f1xx_it.o(.text.PendSV_Handler)
    [Anonymous Symbol]                       0x08003e8c   Section        0  stm32f1xx_it.o(.text.SVC_Handler)
    [Anonymous Symbol]                       0x08003e90   Section        0  stm32f1xx_it.o(.text.SysTick_Handler)
    [Anonymous Symbol]                       0x08003e94   Section        0  system_stm32f1xx.o(.text.SystemInit)
    [Anonymous Symbol]                       0x08003e98   Section        0  main.o(.text.UI_Show)
    [Anonymous Symbol]                       0x08003fe8   Section        0  stm32f1xx_it.o(.text.UsageFault_Handler)
    [Anonymous Symbol]                       0x08003fec   Section        0  main.o(.text.fputc)
    [Anonymous Symbol]                       0x0800400c   Section        0  main.o(.text.main)
    i.__scatterload_copy                     0x08004670   Section       14  handlers.o(i.__scatterload_copy)
    i.__scatterload_null                     0x0800467e   Section        2  handlers.o(i.__scatterload_null)
    i.__scatterload_zeroinit                 0x08004680   Section       14  handlers.o(i.__scatterload_zeroinit)
    i.puts                                   0x08004690   Section        0  puts.o(i.puts)
    HAL_RCC_GetSysClockFreq.aPredivFactorTable 0x080046cc   Data           2  stm32f1xx_hal_rcc.o(.rodata.HAL_RCC_GetSysClockFreq.aPredivFactorTable)
    [Anonymous Symbol]                       0x080046cc   Section        0  stm32f1xx_hal_rcc.o(.rodata.HAL_RCC_GetSysClockFreq.aPredivFactorTable)
    HAL_RCC_GetSysClockFreq.aPLLMULFactorTable 0x08004900   Data          16  stm32f1xx_hal_rcc.o(.rodata.cst16)
    [Anonymous Symbol]                       0x08004900   Section        0  stm32f1xx_hal_rcc.o(.rodata.cst16)
    [Anonymous Symbol]                       0x08004910   Section        0  main.o(.rodata.str1.1)
    .data                                    0x20000000   Section        4  stdout.o(.data)
    .L_MergedGlobals                         0x20000004   Data           8  main.o(.data..L_MergedGlobals)
    [Anonymous Symbol]                       0x20000004   Section        0  main.o(.data..L_MergedGlobals)
    .L_MergedGlobals                         0x2000000c   Data           8  stm32f1xx_hal.o(.data..L_MergedGlobals)
    [Anonymous Symbol]                       0x2000000c   Section        0  stm32f1xx_hal.o(.data..L_MergedGlobals)
    .L_MergedGlobals.18                      0x20000200   Data          76  main.o(.bss..L_MergedGlobals.18)
    [Anonymous Symbol]                       0x20000200   Section        0  main.o(.bss..L_MergedGlobals.18)
    OLED_SendCmd.sendBuffer                  0x2000064c   Data           2  oled.o(.bss.OLED_SendCmd.sendBuffer)
    [Anonymous Symbol]                       0x2000064c   Section        0  oled.o(.bss.OLED_SendCmd.sendBuffer)
    OLED_ShowFrame.sendBuffer                0x2000064e   Data         129  oled.o(.bss.OLED_ShowFrame.sendBuffer)
    [Anonymous Symbol]                       0x2000064e   Section        0  oled.o(.bss.OLED_ShowFrame.sendBuffer)
    STACK                                    0x200007f8   Section     1024  startup_stm32f103xe.o(STACK)

    Global Symbols

    Symbol Name                              Value     Ov Type        Size  Object(Section)

    BuildAttributes$$THM_ISAv4$P$D$K$B$S$PE$A:L22UL41UL21$X:L11$S22US41US21$IEEE1$IW$~IW$USESV6$~STKCKD$USESV7$~SHL$OTIME$ROPI$EBA8$MICROLIB$REQ8$PRES8$EABIv2 0x00000000   Number         0  anon$$obj.o ABSOLUTE
    __cpp_initialize__aeabi_                  - Undefined Weak Reference
    __cxa_finalize                            - Undefined Weak Reference
    _clock_init                               - Undefined Weak Reference
    _microlib_exit                            - Undefined Weak Reference
    __Vectors_Size                           0x00000130   Number         0  startup_stm32f103xe.o ABSOLUTE
    __Vectors                                0x08000000   Data           4  startup_stm32f103xe.o(RESET)
    __Vectors_End                            0x08000130   Data           0  startup_stm32f103xe.o(RESET)
    __main                                   0x08000131   Thumb Code     0  entry.o(.ARM.Collect$$$$00000000)
    _main_stk                                0x08000131   Thumb Code     0  entry2.o(.ARM.Collect$$$$00000001)
    _main_scatterload                        0x08000135   Thumb Code     0  entry5.o(.ARM.Collect$$$$00000004)
    __main_after_scatterload                 0x08000139   Thumb Code     0  entry5.o(.ARM.Collect$$$$00000004)
    _main_clock                              0x08000139   Thumb Code     0  entry7b.o(.ARM.Collect$$$$00000008)
    _main_cpp_init                           0x08000139   Thumb Code     0  entry8b.o(.ARM.Collect$$$$0000000A)
    _main_init                               0x08000139   Thumb Code     0  entry9a.o(.ARM.Collect$$$$0000000B)
    __rt_final_cpp                           0x08000141   Thumb Code     0  entry10a.o(.ARM.Collect$$$$0000000D)
    __rt_final_exit                          0x08000141   Thumb Code     0  entry11a.o(.ARM.Collect$$$$0000000F)
    Reset_Handler                            0x08000145   Thumb Code     8  startup_stm32f103xe.o(.text)
    ADC1_2_IRQHandler                        0x0800015f   Thumb Code     0  startup_stm32f103xe.o(.text)
    ADC3_IRQHandler                          0x0800015f   Thumb Code     0  startup_stm32f103xe.o(.text)
    CAN1_RX1_IRQHandler                      0x0800015f   Thumb Code     0  startup_stm32f103xe.o(.text)
    CAN1_SCE_IRQHandler                      0x0800015f   Thumb Code     0  startup_stm32f103xe.o(.text)
    DMA1_Channel1_IRQHandler                 0x0800015f   Thumb Code     0  startup_stm32f103xe.o(.text)
    DMA1_Channel2_IRQHandler                 0x0800015f   Thumb Code     0  startup_stm32f103xe.o(.text)
    DMA1_Channel3_IRQHandler                 0x0800015f   Thumb Code     0  startup_stm32f103xe.o(.text)
    DMA1_Channel4_IRQHandler                 0x0800015f   Thumb Code     0  startup_stm32f103xe.o(.text)
    DMA1_Channel5_IRQHandler                 0x0800015f   Thumb Code     0  startup_stm32f103xe.o(.text)
    DMA2_Channel1_IRQHandler                 0x0800015f   Thumb Code     0  startup_stm32f103xe.o(.text)
    DMA2_Channel2_IRQHandler                 0x0800015f   Thumb Code     0  startup_stm32f103xe.o(.text)
    DMA2_Channel3_IRQHandler                 0x0800015f   Thumb Code     0  startup_stm32f103xe.o(.text)
    DMA2_Channel4_5_IRQHandler               0x0800015f   Thumb Code     0  startup_stm32f103xe.o(.text)
    EXTI1_IRQHandler                         0x0800015f   Thumb Code     0  startup_stm32f103xe.o(.text)
    EXTI2_IRQHandler                         0x0800015f   Thumb Code     0  startup_stm32f103xe.o(.text)
    EXTI3_IRQHandler                         0x0800015f   Thumb Code     0  startup_stm32f103xe.o(.text)
    EXTI4_IRQHandler                         0x0800015f   Thumb Code     0  startup_stm32f103xe.o(.text)
    EXTI9_5_IRQHandler                       0x0800015f   Thumb Code     0  startup_stm32f103xe.o(.text)
    FLASH_IRQHandler                         0x0800015f   Thumb Code     0  startup_stm32f103xe.o(.text)
    FSMC_IRQHandler                          0x0800015f   Thumb Code     0  startup_stm32f103xe.o(.text)
    I2C2_ER_IRQHandler                       0x0800015f   Thumb Code     0  startup_stm32f103xe.o(.text)
    I2C2_EV_IRQHandler                       0x0800015f   Thumb Code     0  startup_stm32f103xe.o(.text)
    PVD_IRQHandler                           0x0800015f   Thumb Code     0  startup_stm32f103xe.o(.text)
    RCC_IRQHandler                           0x0800015f   Thumb Code     0  startup_stm32f103xe.o(.text)
    RTC_Alarm_IRQHandler                     0x0800015f   Thumb Code     0  startup_stm32f103xe.o(.text)
    RTC_IRQHandler                           0x0800015f   Thumb Code     0  startup_stm32f103xe.o(.text)
    SDIO_IRQHandler                          0x0800015f   Thumb Code     0  startup_stm32f103xe.o(.text)
    SPI1_IRQHandler                          0x0800015f   Thumb Code     0  startup_stm32f103xe.o(.text)
    SPI2_IRQHandler                          0x0800015f   Thumb Code     0  startup_stm32f103xe.o(.text)
    SPI3_IRQHandler                          0x0800015f   Thumb Code     0  startup_stm32f103xe.o(.text)
    TAMPER_IRQHandler                        0x0800015f   Thumb Code     0  startup_stm32f103xe.o(.text)
    TIM1_BRK_IRQHandler                      0x0800015f   Thumb Code     0  startup_stm32f103xe.o(.text)
    TIM1_CC_IRQHandler                       0x0800015f   Thumb Code     0  startup_stm32f103xe.o(.text)
    TIM1_TRG_COM_IRQHandler                  0x0800015f   Thumb Code     0  startup_stm32f103xe.o(.text)
    TIM1_UP_IRQHandler                       0x0800015f   Thumb Code     0  startup_stm32f103xe.o(.text)
    TIM2_IRQHandler                          0x0800015f   Thumb Code     0  startup_stm32f103xe.o(.text)
    TIM3_IRQHandler                          0x0800015f   Thumb Code     0  startup_stm32f103xe.o(.text)
    TIM4_IRQHandler                          0x0800015f   Thumb Code     0  startup_stm32f103xe.o(.text)
    TIM5_IRQHandler                          0x0800015f   Thumb Code     0  startup_stm32f103xe.o(.text)
    TIM6_IRQHandler                          0x0800015f   Thumb Code     0  startup_stm32f103xe.o(.text)
    TIM7_IRQHandler                          0x0800015f   Thumb Code     0  startup_stm32f103xe.o(.text)
    TIM8_BRK_IRQHandler                      0x0800015f   Thumb Code     0  startup_stm32f103xe.o(.text)
    TIM8_CC_IRQHandler                       0x0800015f   Thumb Code     0  startup_stm32f103xe.o(.text)
    TIM8_TRG_COM_IRQHandler                  0x0800015f   Thumb Code     0  startup_stm32f103xe.o(.text)
    TIM8_UP_IRQHandler                       0x0800015f   Thumb Code     0  startup_stm32f103xe.o(.text)
    UART4_IRQHandler                         0x0800015f   Thumb Code     0  startup_stm32f103xe.o(.text)
    UART5_IRQHandler                         0x0800015f   Thumb Code     0  startup_stm32f103xe.o(.text)
    USART1_IRQHandler                        0x0800015f   Thumb Code     0  startup_stm32f103xe.o(.text)
    USART2_IRQHandler                        0x0800015f   Thumb Code     0  startup_stm32f103xe.o(.text)
    USART3_IRQHandler                        0x0800015f   Thumb Code     0  startup_stm32f103xe.o(.text)
    USBWakeUp_IRQHandler                     0x0800015f   Thumb Code     0  startup_stm32f103xe.o(.text)
    USB_HP_CAN1_TX_IRQHandler                0x0800015f   Thumb Code     0  startup_stm32f103xe.o(.text)
    USB_LP_CAN1_RX0_IRQHandler               0x0800015f   Thumb Code     0  startup_stm32f103xe.o(.text)
    WWDG_IRQHandler                          0x0800015f   Thumb Code     0  startup_stm32f103xe.o(.text)
    __aeabi_memcpy                           0x08000169   Thumb Code    36  memcpya.o(.text)
    __aeabi_memcpy4                          0x08000169   Thumb Code     0  memcpya.o(.text)
    __aeabi_memcpy8                          0x08000169   Thumb Code     0  memcpya.o(.text)
    __aeabi_memset                           0x0800018d   Thumb Code    14  memseta.o(.text)
    __aeabi_memset4                          0x0800018d   Thumb Code     0  memseta.o(.text)
    __aeabi_memset8                          0x0800018d   Thumb Code     0  memseta.o(.text)
    __aeabi_memclr                           0x0800019b   Thumb Code     4  memseta.o(.text)
    __aeabi_memclr4                          0x0800019b   Thumb Code     0  memseta.o(.text)
    __aeabi_memclr8                          0x0800019b   Thumb Code     0  memseta.o(.text)
    _memset$wrapper                          0x0800019f   Thumb Code    18  memseta.o(.text)
    __aeabi_fadd                             0x080001b1   Thumb Code   164  fadd.o(.text)
    __aeabi_fsub                             0x08000255   Thumb Code     6  fadd.o(.text)
    __aeabi_frsub                            0x0800025b   Thumb Code     6  fadd.o(.text)
    __aeabi_fmul                             0x08000261   Thumb Code   100  fmul.o(.text)
    __aeabi_fdiv                             0x080002c5   Thumb Code   124  fdiv.o(.text)
    __aeabi_dadd                             0x08000341   Thumb Code   322  dadd.o(.text)
    __aeabi_dsub                             0x08000483   Thumb Code     6  dadd.o(.text)
    __aeabi_drsub                            0x08000489   Thumb Code     6  dadd.o(.text)
    __aeabi_dmul                             0x0800048f   Thumb Code   228  dmul.o(.text)
    __aeabi_fcmple                           0x08000573   Thumb Code    28  fcmple.o(.text)
    __aeabi_fcmplt                           0x0800058f   Thumb Code    28  fcmplt.o(.text)
    __aeabi_fcmpgt                           0x080005ab   Thumb Code    28  fcmpgt.o(.text)
    __aeabi_fcmpeq                           0x080005c7   Thumb Code    28  fcmpeq.o(.text)
    __aeabi_i2f                              0x080005e3   Thumb Code    18  fflti.o(.text)
    __aeabi_i2d                              0x080005f5   Thumb Code    34  dflti.o(.text)
    __aeabi_f2iz                             0x08000617   Thumb Code    50  ffixi.o(.text)
    __aeabi_d2iz                             0x08000649   Thumb Code    62  dfixi.o(.text)
    __aeabi_f2d                              0x08000687   Thumb Code    38  f2d.o(.text)
    __aeabi_llsl                             0x080006ad   Thumb Code    30  llshl.o(.text)
    _ll_shift_l                              0x080006ad   Thumb Code     0  llshl.o(.text)
    __aeabi_llsr                             0x080006cb   Thumb Code    32  llushr.o(.text)
    _ll_ushift_r                             0x080006cb   Thumb Code     0  llushr.o(.text)
    __aeabi_lasr                             0x080006eb   Thumb Code    36  llsshr.o(.text)
    _ll_sshift_r                             0x080006eb   Thumb Code     0  llsshr.o(.text)
    __I$use$fp                               0x0800070f   Thumb Code     0  iusefp.o(.text)
    _float_round                             0x0800070f   Thumb Code    18  fepilogue.o(.text)
    _float_epilogue                          0x08000721   Thumb Code    92  fepilogue.o(.text)
    _double_round                            0x0800077d   Thumb Code    30  depilogue.o(.text)
    _double_epilogue                         0x0800079b   Thumb Code   156  depilogue.o(.text)
    __scatterload                            0x08000839   Thumb Code    38  init.o(.text)
    __scatterload_rt2                        0x08000839   Thumb Code     0  init.o(.text)
    __decompress                             0x08000869   Thumb Code     0  __dczerorl2.o(.text)
    __decompress1                            0x08000869   Thumb Code    86  __dczerorl2.o(.text)
    BusFault_Handler                         0x080008c1   Thumb Code     2  stm32f1xx_it.o(.text.BusFault_Handler)
    DMA1_Channel6_IRQHandler                 0x080008c5   Thumb Code    12  stm32f1xx_it.o(.text.DMA1_Channel6_IRQHandler)
    DMA1_Channel7_IRQHandler                 0x080008d1   Thumb Code    12  stm32f1xx_it.o(.text.DMA1_Channel7_IRQHandler)
    DebugMon_Handler                         0x080008dd   Thumb Code     2  stm32f1xx_it.o(.text.DebugMon_Handler)
    EXTI0_IRQHandler                         0x080008e1   Thumb Code     6  stm32f1xx_it.o(.text.EXTI0_IRQHandler)
    EXTI15_10_IRQHandler                     0x080008e9   Thumb Code     8  stm32f1xx_it.o(.text.EXTI15_10_IRQHandler)
    Error_Handler                            0x080008f1   Thumb Code    10  main.o(.text.Error_Handler)
    HAL_DMA_Abort_IT                         0x080008fd   Thumb Code   304  stm32f1xx_hal_dma.o(.text.HAL_DMA_Abort_IT)
    HAL_DMA_GetState                         0x08000a2d   Thumb Code     6  stm32f1xx_hal_dma.o(.text.HAL_DMA_GetState)
    HAL_DMA_IRQHandler                       0x08000a35   Thumb Code   654  stm32f1xx_hal_dma.o(.text.HAL_DMA_IRQHandler)
    HAL_DMA_Init                             0x08000cc5   Thumb Code   158  stm32f1xx_hal_dma.o(.text.HAL_DMA_Init)
    HAL_DMA_Start_IT                         0x08000d65   Thumb Code   160  stm32f1xx_hal_dma.o(.text.HAL_DMA_Start_IT)
    HAL_Delay                                0x08000e05   Thumb Code    40  stm32f1xx_hal.o(.text.HAL_Delay)
    HAL_GPIO_EXTI_Callback                   0x08000e2d   Thumb Code   194  main.o(.text.HAL_GPIO_EXTI_Callback)
    HAL_GPIO_EXTI_IRQHandler                 0x08000ef1   Thumb Code    22  stm32f1xx_hal_gpio.o(.text.HAL_GPIO_EXTI_IRQHandler)
    HAL_GPIO_Init                            0x08000f09   Thumb Code   498  stm32f1xx_hal_gpio.o(.text.HAL_GPIO_Init)
    HAL_GPIO_ReadPin                         0x080010fd   Thumb Code    10  stm32f1xx_hal_gpio.o(.text.HAL_GPIO_ReadPin)
    HAL_GetTick                              0x08001109   Thumb Code    12  stm32f1xx_hal.o(.text.HAL_GetTick)
    HAL_I2C_AbortCpltCallback                0x08001115   Thumb Code     2  stm32f1xx_hal_i2c.o(.text.HAL_I2C_AbortCpltCallback)
    HAL_I2C_AddrCallback                     0x08001119   Thumb Code     2  stm32f1xx_hal_i2c.o(.text.HAL_I2C_AddrCallback)
    HAL_I2C_ER_IRQHandler                    0x0800111d   Thumb Code   340  stm32f1xx_hal_i2c.o(.text.HAL_I2C_ER_IRQHandler)
    HAL_I2C_EV_IRQHandler                    0x08001271   Thumb Code  1600  stm32f1xx_hal_i2c.o(.text.HAL_I2C_EV_IRQHandler)
    HAL_I2C_ErrorCallback                    0x080018b1   Thumb Code     2  stm32f1xx_hal_i2c.o(.text.HAL_I2C_ErrorCallback)
    HAL_I2C_Init                             0x080018b5   Thumb Code   356  stm32f1xx_hal_i2c.o(.text.HAL_I2C_Init)
    HAL_I2C_ListenCpltCallback               0x08001a19   Thumb Code     2  stm32f1xx_hal_i2c.o(.text.HAL_I2C_ListenCpltCallback)
    HAL_I2C_MasterRxCpltCallback             0x08001a1d   Thumb Code     2  stm32f1xx_hal_i2c.o(.text.HAL_I2C_MasterRxCpltCallback)
    HAL_I2C_MasterTxCpltCallback             0x08001a21   Thumb Code     2  stm32f1xx_hal_i2c.o(.text.HAL_I2C_MasterTxCpltCallback)
    HAL_I2C_Master_Transmit_DMA              0x08001a25   Thumb Code   424  stm32f1xx_hal_i2c.o(.text.HAL_I2C_Master_Transmit_DMA)
    HAL_I2C_MemRxCpltCallback                0x08001bcd   Thumb Code     2  stm32f1xx_hal_i2c.o(.text.HAL_I2C_MemRxCpltCallback)
    HAL_I2C_MemTxCpltCallback                0x08001bd1   Thumb Code     2  stm32f1xx_hal_i2c.o(.text.HAL_I2C_MemTxCpltCallback)
    HAL_I2C_MspInit                          0x08001bd5   Thumb Code   238  i2c.o(.text.HAL_I2C_MspInit)
    HAL_I2C_SlaveRxCpltCallback              0x08001cc5   Thumb Code     2  stm32f1xx_hal_i2c.o(.text.HAL_I2C_SlaveRxCpltCallback)
    HAL_I2C_SlaveTxCpltCallback              0x08001cc9   Thumb Code     2  stm32f1xx_hal_i2c.o(.text.HAL_I2C_SlaveTxCpltCallback)
    HAL_IncTick                              0x08001ccd   Thumb Code    26  stm32f1xx_hal.o(.text.HAL_IncTick)
    HAL_Init                                 0x08001ce9   Thumb Code    38  stm32f1xx_hal.o(.text.HAL_Init)
    HAL_InitTick                             0x08001d11   Thumb Code    72  stm32f1xx_hal.o(.text.HAL_InitTick)
    HAL_MspInit                              0x08001d59   Thumb Code    66  stm32f1xx_hal_msp.o(.text.HAL_MspInit)
    HAL_NVIC_EnableIRQ                       0x08001d9d   Thumb Code    34  stm32f1xx_hal_cortex.o(.text.HAL_NVIC_EnableIRQ)
    HAL_NVIC_SetPriority                     0x08001dc1   Thumb Code    86  stm32f1xx_hal_cortex.o(.text.HAL_NVIC_SetPriority)
    HAL_NVIC_SetPriorityGrouping             0x08001e19   Thumb Code    32  stm32f1xx_hal_cortex.o(.text.HAL_NVIC_SetPriorityGrouping)
    HAL_RCC_ClockConfig                      0x08001e39   Thumb Code   450  stm32f1xx_hal_rcc.o(.text.HAL_RCC_ClockConfig)
    HAL_RCC_GetPCLK1Freq                     0x08001ffd   Thumb Code    38  stm32f1xx_hal_rcc.o(.text.HAL_RCC_GetPCLK1Freq)
    HAL_RCC_GetPCLK2Freq                     0x08002025   Thumb Code    38  stm32f1xx_hal_rcc.o(.text.HAL_RCC_GetPCLK2Freq)
    HAL_RCC_OscConfig                        0x0800204d   Thumb Code  1024  stm32f1xx_hal_rcc.o(.text.HAL_RCC_OscConfig)
    HAL_SYSTICK_Config                       0x0800244d   Thumb Code    44  stm32f1xx_hal_cortex.o(.text.HAL_SYSTICK_Config)
    HAL_UART_Init                            0x08002479   Thumb Code   226  stm32f1xx_hal_uart.o(.text.HAL_UART_Init)
    HAL_UART_MspInit                         0x0800255d   Thumb Code   122  usart.o(.text.HAL_UART_MspInit)
    HAL_UART_Transmit                        0x080025d9   Thumb Code   376  stm32f1xx_hal_uart.o(.text.HAL_UART_Transmit)
    HardFault_Handler                        0x08002751   Thumb Code     2  stm32f1xx_it.o(.text.HardFault_Handler)
    I2C1_ER_IRQHandler                       0x08002755   Thumb Code    12  stm32f1xx_it.o(.text.I2C1_ER_IRQHandler)
    I2C1_EV_IRQHandler                       0x08002761   Thumb Code    12  stm32f1xx_it.o(.text.I2C1_EV_IRQHandler)
    MX_DMA_Init                              0x08002fc1   Thumb Code    68  dma.o(.text.MX_DMA_Init)
    MX_GPIO_Init                             0x08003005   Thumb Code   158  gpio.o(.text.MX_GPIO_Init)
    MX_I2C1_Init                             0x080030a5   Thumb Code    66  i2c.o(.text.MX_I2C1_Init)
    MX_USART1_UART_Init                      0x080030e9   Thumb Code    60  usart.o(.text.MX_USART1_UART_Init)
    MemManage_Handler                        0x08003125   Thumb Code     2  stm32f1xx_it.o(.text.MemManage_Handler)
    NMI_Handler                              0x08003129   Thumb Code     2  stm32f1xx_it.o(.text.NMI_Handler)
    OLED_DrawFilledRectangle                 0x0800312d   Thumb Code    64  oled.o(.text.OLED_DrawFilledRectangle)
    OLED_DrawFilledRectangleWithCorners      0x0800316d   Thumb Code   164  oled.o(.text.OLED_DrawFilledRectangleWithCorners)
    OLED_DrawLine                            0x08003211   Thumb Code   750  oled.o(.text.OLED_DrawLine)
    OLED_DrawRectangle                       0x08003501   Thumb Code    92  oled.o(.text.OLED_DrawRectangle)
    OLED_Init                                0x0800355d   Thumb Code   818  oled.o(.text.OLED_Init)
    OLED_NewFrame                            0x08003891   Thumb Code    20  oled.o(.text.OLED_NewFrame)
    OLED_PrintASCIIString                    0x080038a5   Thumb Code    88  oled.o(.text.OLED_PrintASCIIString)
    OLED_SetBits_Fine                        0x080038fd   Thumb Code   292  oled.o(.text.OLED_SetBits_Fine)
    OLED_SetBlock                            0x08003a21   Thumb Code   966  oled.o(.text.OLED_SetBlock)
    OLED_ShowFrame                           0x08003de9   Thumb Code   160  oled.o(.text.OLED_ShowFrame)
    PendSV_Handler                           0x08003e89   Thumb Code     2  stm32f1xx_it.o(.text.PendSV_Handler)
    SVC_Handler                              0x08003e8d   Thumb Code     2  stm32f1xx_it.o(.text.SVC_Handler)
    SysTick_Handler                          0x08003e91   Thumb Code     4  stm32f1xx_it.o(.text.SysTick_Handler)
    SystemInit                               0x08003e95   Thumb Code     2  system_stm32f1xx.o(.text.SystemInit)
    UI_Show                                  0x08003e99   Thumb Code   336  main.o(.text.UI_Show)
    UsageFault_Handler                       0x08003fe9   Thumb Code     2  stm32f1xx_it.o(.text.UsageFault_Handler)
    fputc                                    0x08003fed   Thumb Code    32  main.o(.text.fputc)
    main                                     0x0800400d   Thumb Code  1628  main.o(.text.main)
    __scatterload_copy                       0x08004671   Thumb Code    14  handlers.o(i.__scatterload_copy)
    __scatterload_null                       0x0800467f   Thumb Code     2  handlers.o(i.__scatterload_null)
    __scatterload_zeroinit                   0x08004681   Thumb Code    14  handlers.o(i.__scatterload_zeroinit)
    puts                                     0x08004691   Thumb Code    30  puts.o(i.puts)
    AHBPrescTable                            0x080046b4   Data          16  system_stm32f1xx.o(.rodata.AHBPrescTable)
    APBPrescTable                            0x080046c4   Data           8  system_stm32f1xx.o(.rodata.APBPrescTable)
    afont8x6                                 0x080046d0   Data           8  font.o(.rodata.afont8x6)
    ascii_8x6                                0x080046d8   Data         552  font.o(.rodata.ascii_8x6)
    Region$$Table$$Base                      0x0800497c   Number         0  anon$$obj.o(Region$$Table)
    Region$$Table$$Limit                     0x0800499c   Number         0  anon$$obj.o(Region$$Table)
    __stdout                                 0x20000000   Data           4  stdout.o(.data)
    currentMenu                              0x20000004   Data           4  main.o(.data..L_MergedGlobals)
    screenIndex                              0x20000008   Data           4  main.o(.data..L_MergedGlobals)
    uwTickFreq                               0x2000000c   Data           1  stm32f1xx_hal.o(.data..L_MergedGlobals)
    uwTickPrio                               0x20000010   Data           4  stm32f1xx_hal.o(.data..L_MergedGlobals)
    SystemCoreClock                          0x20000014   Data           4  system_stm32f1xx.o(.data.SystemCoreClock)
    listMenu                                 0x20000018   Data          20  main.o(.data.listMenu)
    listMenuItems                            0x2000002c   Data         224  main.o(.data.listMenuItems)
    mainMenu                                 0x2000010c   Data          20  main.o(.data.mainMenu)
    mainMenuItems                            0x20000120   Data         224  main.o(.data.mainMenuItems)
    keyID                                    0x20000200   Data           1  main.o(.bss..L_MergedGlobals.18)
    moveProcess_FrameY                       0x20000204   Data           4  main.o(.bss..L_MergedGlobals.18)
    moveProcess_FrameWidth                   0x20000208   Data           4  main.o(.bss..L_MergedGlobals.18)
    moveProcess_Screen                       0x2000020c   Data           4  main.o(.bss..L_MergedGlobals.18)
    moveProcess_ScrollBar                    0x20000210   Data           4  main.o(.bss..L_MergedGlobals.18)
    frameWidth                               0x20000214   Data           6  main.o(.bss..L_MergedGlobals.18)
    frameY                                   0x2000021a   Data           6  main.o(.bss..L_MergedGlobals.18)
    screenTop                                0x20000220   Data           6  main.o(.bss..L_MergedGlobals.18)
    scrollBarY                               0x20000226   Data           6  main.o(.bss..L_MergedGlobals.18)
    KeyList                                  0x2000022c   Data          32  main.o(.bss..L_MergedGlobals.18)
    OLED_GRAM                                0x2000024c   Data        1024  oled.o(.bss.OLED_GRAM)
    hdma_i2c1_rx                             0x200006d0   Data          68  i2c.o(.bss.hdma_i2c1_rx)
    hdma_i2c1_tx                             0x20000714   Data          68  i2c.o(.bss.hdma_i2c1_tx)
    hi2c1                                    0x20000758   Data          84  i2c.o(.bss.hi2c1)
    huart1                                   0x200007ac   Data          72  usart.o(.bss.huart1)
    uwTick                                   0x200007f4   Data           4  stm32f1xx_hal.o(.bss.uwTick)
    __initial_sp                             0x20000bf8   Data           0  startup_stm32f103xe.o(STACK)



==============================================================================

Memory Map of the image

  Image Entry point : 0x08000131

  Load Region LR_IROM1 (Base: 0x08000000, Size: 0x00004ba0, Max: 0x00080000, ABSOLUTE, COMPRESSED[0x00004a10])

    Execution Region ER_IROM1 (Exec base: 0x08000000, Load base: 0x08000000, Size: 0x0000499c, Max: 0x00080000, ABSOLUTE)

    Exec Addr    Load Addr    Size         Type   Attr      Idx    E Section Name        Object

    0x08000000   0x08000000   0x00000130   Data   RO            3    RESET               startup_stm32f103xe.o
    0x08000130   0x08000130   0x00000000   Code   RO          862  * .ARM.Collect$$$$00000000  mc_w.l(entry.o)
    0x08000130   0x08000130   0x00000004   Code   RO          907    .ARM.Collect$$$$00000001  mc_w.l(entry2.o)
    0x08000134   0x08000134   0x00000004   Code   RO          910    .ARM.Collect$$$$00000004  mc_w.l(entry5.o)
    0x08000138   0x08000138   0x00000000   Code   RO          912    .ARM.Collect$$$$00000008  mc_w.l(entry7b.o)
    0x08000138   0x08000138   0x00000000   Code   RO          914    .ARM.Collect$$$$0000000A  mc_w.l(entry8b.o)
    0x08000138   0x08000138   0x00000008   Code   RO          915    .ARM.Collect$$$$0000000B  mc_w.l(entry9a.o)
    0x08000140   0x08000140   0x00000000   Code   RO          917    .ARM.Collect$$$$0000000D  mc_w.l(entry10a.o)
    0x08000140   0x08000140   0x00000000   Code   RO          919    .ARM.Collect$$$$0000000F  mc_w.l(entry11a.o)
    0x08000140   0x08000140   0x00000004   Code   RO          908    .ARM.Collect$$$$00002712  mc_w.l(entry2.o)
    0x08000144   0x08000144   0x00000024   Code   RO            4    .text               startup_stm32f103xe.o
    0x08000168   0x08000168   0x00000024   Code   RO          869    .text               mc_w.l(memcpya.o)
    0x0800018c   0x0800018c   0x00000024   Code   RO          871    .text               mc_w.l(memseta.o)
    0x080001b0   0x080001b0   0x000000b0   Code   RO          877    .text               mf_w.l(fadd.o)
    0x08000260   0x08000260   0x00000064   Code   RO          879    .text               mf_w.l(fmul.o)
    0x080002c4   0x080002c4   0x0000007c   Code   RO          881    .text               mf_w.l(fdiv.o)
    0x08000340   0x08000340   0x0000014e   Code   RO          883    .text               mf_w.l(dadd.o)
    0x0800048e   0x0800048e   0x000000e4   Code   RO          885    .text               mf_w.l(dmul.o)
    0x08000572   0x08000572   0x0000001c   Code   RO          887    .text               mf_w.l(fcmple.o)
    0x0800058e   0x0800058e   0x0000001c   Code   RO          889    .text               mf_w.l(fcmplt.o)
    0x080005aa   0x080005aa   0x0000001c   Code   RO          891    .text               mf_w.l(fcmpgt.o)
    0x080005c6   0x080005c6   0x0000001c   Code   RO          893    .text               mf_w.l(fcmpeq.o)
    0x080005e2   0x080005e2   0x00000012   Code   RO          895    .text               mf_w.l(fflti.o)
    0x080005f4   0x080005f4   0x00000022   Code   RO          897    .text               mf_w.l(dflti.o)
    0x08000616   0x08000616   0x00000032   Code   RO          901    .text               mf_w.l(ffixi.o)
    0x08000648   0x08000648   0x0000003e   Code   RO          903    .text               mf_w.l(dfixi.o)
    0x08000686   0x08000686   0x00000026   Code   RO          905    .text               mf_w.l(f2d.o)
    0x080006ac   0x080006ac   0x0000001e   Code   RO          922    .text               mc_w.l(llshl.o)
    0x080006ca   0x080006ca   0x00000020   Code   RO          924    .text               mc_w.l(llushr.o)
    0x080006ea   0x080006ea   0x00000024   Code   RO          926    .text               mc_w.l(llsshr.o)
    0x0800070e   0x0800070e   0x00000000   Code   RO          928    .text               mc_w.l(iusefp.o)
    0x0800070e   0x0800070e   0x0000006e   Code   RO          929    .text               mf_w.l(fepilogue.o)
    0x0800077c   0x0800077c   0x000000ba   Code   RO          931    .text               mf_w.l(depilogue.o)
    0x08000836   0x08000836   0x00000002   PAD
    0x08000838   0x08000838   0x00000030   Code   RO          933    .text               mc_w.l(init.o)
    0x08000868   0x08000868   0x00000056   Code   RO          943    .text               mc_w.l(__dczerorl2.o)
    0x080008be   0x080008be   0x00000002   PAD
    0x080008c0   0x080008c0   0x00000002   Code   RO          200    .text.BusFault_Handler  stm32f1xx_it.o
    0x080008c2   0x080008c2   0x00000002   PAD
    0x080008c4   0x080008c4   0x0000000c   Code   RO          214    .text.DMA1_Channel6_IRQHandler  stm32f1xx_it.o
    0x080008d0   0x080008d0   0x0000000c   Code   RO          216    .text.DMA1_Channel7_IRQHandler  stm32f1xx_it.o
    0x080008dc   0x080008dc   0x00000002   Code   RO          206    .text.DebugMon_Handler  stm32f1xx_it.o
    0x080008de   0x080008de   0x00000002   PAD
    0x080008e0   0x080008e0   0x00000006   Code   RO          212    .text.EXTI0_IRQHandler  stm32f1xx_it.o
    0x080008e6   0x080008e6   0x00000002   PAD
    0x080008e8   0x080008e8   0x00000008   Code   RO          222    .text.EXTI15_10_IRQHandler  stm32f1xx_it.o
    0x080008f0   0x080008f0   0x0000000a   Code   RO          107    .text.Error_Handler  main.o
    0x080008fa   0x080008fa   0x00000002   PAD
    0x080008fc   0x080008fc   0x00000130   Code   RO          539    .text.HAL_DMA_Abort_IT  stm32f1xx_hal_dma.o
    0x08000a2c   0x08000a2c   0x00000006   Code   RO          549    .text.HAL_DMA_GetState  stm32f1xx_hal_dma.o
    0x08000a32   0x08000a32   0x00000002   PAD
    0x08000a34   0x08000a34   0x0000028e   Code   RO          543    .text.HAL_DMA_IRQHandler  stm32f1xx_hal_dma.o
    0x08000cc2   0x08000cc2   0x00000002   PAD
    0x08000cc4   0x08000cc4   0x0000009e   Code   RO          529    .text.HAL_DMA_Init  stm32f1xx_hal_dma.o
    0x08000d62   0x08000d62   0x00000002   PAD
    0x08000d64   0x08000d64   0x000000a0   Code   RO          535    .text.HAL_DMA_Start_IT  stm32f1xx_hal_dma.o
    0x08000e04   0x08000e04   0x00000028   Code   RO          413    .text.HAL_Delay     stm32f1xx_hal.o
    0x08000e2c   0x08000e2c   0x000000c2   Code   RO           99    .text.HAL_GPIO_EXTI_Callback  main.o
    0x08000eee   0x08000eee   0x00000002   PAD
    0x08000ef0   0x08000ef0   0x00000016   Code   RO          517    .text.HAL_GPIO_EXTI_IRQHandler  stm32f1xx_hal_gpio.o
    0x08000f06   0x08000f06   0x00000002   PAD
    0x08000f08   0x08000f08   0x000001f2   Code   RO          505    .text.HAL_GPIO_Init  stm32f1xx_hal_gpio.o
    0x080010fa   0x080010fa   0x00000002   PAD
    0x080010fc   0x080010fc   0x0000000a   Code   RO          509    .text.HAL_GPIO_ReadPin  stm32f1xx_hal_gpio.o
    0x08001106   0x08001106   0x00000002   PAD
    0x08001108   0x08001108   0x0000000c   Code   RO          405    .text.HAL_GetTick   stm32f1xx_hal.o
    0x08001114   0x08001114   0x00000002   Code   RO          375    .text.HAL_I2C_AbortCpltCallback  stm32f1xx_hal_i2c.o
    0x08001116   0x08001116   0x00000002   PAD
    0x08001118   0x08001118   0x00000002   Code   RO          365    .text.HAL_I2C_AddrCallback  stm32f1xx_hal_i2c.o
    0x0800111a   0x0800111a   0x00000002   PAD
    0x0800111c   0x0800111c   0x00000154   Code   RO          355    .text.HAL_I2C_ER_IRQHandler  stm32f1xx_hal_i2c.o
    0x08001270   0x08001270   0x00000640   Code   RO          343    .text.HAL_I2C_EV_IRQHandler  stm32f1xx_hal_i2c.o
    0x080018b0   0x080018b0   0x00000002   Code   RO          373    .text.HAL_I2C_ErrorCallback  stm32f1xx_hal_i2c.o
    0x080018b2   0x080018b2   0x00000002   PAD
    0x080018b4   0x080018b4   0x00000164   Code   RO          255    .text.HAL_I2C_Init  stm32f1xx_hal_i2c.o
    0x08001a18   0x08001a18   0x00000002   Code   RO          367    .text.HAL_I2C_ListenCpltCallback  stm32f1xx_hal_i2c.o
    0x08001a1a   0x08001a1a   0x00000002   PAD
    0x08001a1c   0x08001a1c   0x00000002   Code   RO          359    .text.HAL_I2C_MasterRxCpltCallback  stm32f1xx_hal_i2c.o
    0x08001a1e   0x08001a1e   0x00000002   PAD
    0x08001a20   0x08001a20   0x00000002   Code   RO          357    .text.HAL_I2C_MasterTxCpltCallback  stm32f1xx_hal_i2c.o
    0x08001a22   0x08001a22   0x00000002   PAD
    0x08001a24   0x08001a24   0x000001a8   Code   RO          287    .text.HAL_I2C_Master_Transmit_DMA  stm32f1xx_hal_i2c.o
    0x08001bcc   0x08001bcc   0x00000002   Code   RO          371    .text.HAL_I2C_MemRxCpltCallback  stm32f1xx_hal_i2c.o
    0x08001bce   0x08001bce   0x00000002   PAD
    0x08001bd0   0x08001bd0   0x00000002   Code   RO          369    .text.HAL_I2C_MemTxCpltCallback  stm32f1xx_hal_i2c.o
    0x08001bd2   0x08001bd2   0x00000002   PAD
    0x08001bd4   0x08001bd4   0x000000ee   Code   RO          164    .text.HAL_I2C_MspInit  i2c.o
    0x08001cc2   0x08001cc2   0x00000002   PAD
    0x08001cc4   0x08001cc4   0x00000002   Code   RO          363    .text.HAL_I2C_SlaveRxCpltCallback  stm32f1xx_hal_i2c.o
    0x08001cc6   0x08001cc6   0x00000002   PAD
    0x08001cc8   0x08001cc8   0x00000002   Code   RO          361    .text.HAL_I2C_SlaveTxCpltCallback  stm32f1xx_hal_i2c.o
    0x08001cca   0x08001cca   0x00000002   PAD
    0x08001ccc   0x08001ccc   0x0000001a   Code   RO          403    .text.HAL_IncTick   stm32f1xx_hal.o
    0x08001ce6   0x08001ce6   0x00000002   PAD
    0x08001ce8   0x08001ce8   0x00000026   Code   RO          393    .text.HAL_Init      stm32f1xx_hal.o
    0x08001d0e   0x08001d0e   0x00000002   PAD
    0x08001d10   0x08001d10   0x00000048   Code   RO          395    .text.HAL_InitTick  stm32f1xx_hal.o
    0x08001d58   0x08001d58   0x00000042   Code   RO          231    .text.HAL_MspInit   stm32f1xx_hal_msp.o
    0x08001d9a   0x08001d9a   0x00000002   PAD
    0x08001d9c   0x08001d9c   0x00000022   Code   RO          565    .text.HAL_NVIC_EnableIRQ  stm32f1xx_hal_cortex.o
    0x08001dbe   0x08001dbe   0x00000002   PAD
    0x08001dc0   0x08001dc0   0x00000056   Code   RO          563    .text.HAL_NVIC_SetPriority  stm32f1xx_hal_cortex.o
    0x08001e16   0x08001e16   0x00000002   PAD
    0x08001e18   0x08001e18   0x00000020   Code   RO          561    .text.HAL_NVIC_SetPriorityGrouping  stm32f1xx_hal_cortex.o
    0x08001e38   0x08001e38   0x000001c2   Code   RO          457    .text.HAL_RCC_ClockConfig  stm32f1xx_hal_rcc.o
    0x08001ffa   0x08001ffa   0x00000002   PAD
    0x08001ffc   0x08001ffc   0x00000026   Code   RO          469    .text.HAL_RCC_GetPCLK1Freq  stm32f1xx_hal_rcc.o
    0x08002022   0x08002022   0x00000002   PAD
    0x08002024   0x08002024   0x00000026   Code   RO          471    .text.HAL_RCC_GetPCLK2Freq  stm32f1xx_hal_rcc.o
    0x0800204a   0x0800204a   0x00000002   PAD
    0x0800204c   0x0800204c   0x00000400   Code   RO          455    .text.HAL_RCC_OscConfig  stm32f1xx_hal_rcc.o
    0x0800244c   0x0800244c   0x0000002c   Code   RO          573    .text.HAL_SYSTICK_Config  stm32f1xx_hal_cortex.o
    0x08002478   0x08002478   0x000000e2   Code   RO          728    .text.HAL_UART_Init  stm32f1xx_hal_uart.o
    0x0800255a   0x0800255a   0x00000002   PAD
    0x0800255c   0x0800255c   0x0000007a   Code   RO          181    .text.HAL_UART_MspInit  usart.o
    0x080025d6   0x080025d6   0x00000002   PAD
    0x080025d8   0x080025d8   0x00000178   Code   RO          742    .text.HAL_UART_Transmit  stm32f1xx_hal_uart.o
    0x08002750   0x08002750   0x00000002   Code   RO          196    .text.HardFault_Handler  stm32f1xx_it.o
    0x08002752   0x08002752   0x00000002   PAD
    0x08002754   0x08002754   0x0000000c   Code   RO          220    .text.I2C1_ER_IRQHandler  stm32f1xx_it.o
    0x08002760   0x08002760   0x0000000c   Code   RO          218    .text.I2C1_EV_IRQHandler  stm32f1xx_it.o
    0x0800276c   0x0800276c   0x00000122   Code   RO          329    .text.I2C_DMAAbort  stm32f1xx_hal_i2c.o
    0x0800288e   0x0800288e   0x00000002   PAD
    0x08002890   0x08002890   0x0000003a   Code   RO          291    .text.I2C_DMAError  stm32f1xx_hal_i2c.o
    0x080028ca   0x080028ca   0x00000002   PAD
    0x080028cc   0x080028cc   0x00000130   Code   RO          289    .text.I2C_DMAXferCplt  stm32f1xx_hal_i2c.o
    0x080029fc   0x080029fc   0x0000018c   Code   RO          341    .text.I2C_ITError   stm32f1xx_hal_i2c.o
    0x08002b88   0x08002b88   0x000000f8   Code   RO          353    .text.I2C_MasterReceive_BTF  stm32f1xx_hal_i2c.o
    0x08002c80   0x08002c80   0x00000146   Code   RO          351    .text.I2C_MasterReceive_RXNE  stm32f1xx_hal_i2c.o
    0x08002dc6   0x08002dc6   0x00000002   PAD
    0x08002dc8   0x08002dc8   0x00000082   Code   RO          347    .text.I2C_MasterTransmit_BTF  stm32f1xx_hal_i2c.o
    0x08002e4a   0x08002e4a   0x00000002   PAD
    0x08002e4c   0x08002e4c   0x000000b2   Code   RO          345    .text.I2C_MasterTransmit_TXE  stm32f1xx_hal_i2c.o
    0x08002efe   0x08002efe   0x00000002   PAD
    0x08002f00   0x08002f00   0x000000be   Code   RO          349    .text.I2C_MemoryTransmit_TXE_BTF  stm32f1xx_hal_i2c.o
    0x08002fbe   0x08002fbe   0x00000002   PAD
    0x08002fc0   0x08002fc0   0x00000044   Code   RO          153    .text.MX_DMA_Init   dma.o
    0x08003004   0x08003004   0x0000009e   Code   RO          144    .text.MX_GPIO_Init  gpio.o
    0x080030a2   0x080030a2   0x00000002   PAD
    0x080030a4   0x080030a4   0x00000042   Code   RO          162    .text.MX_I2C1_Init  i2c.o
    0x080030e6   0x080030e6   0x00000002   PAD
    0x080030e8   0x080030e8   0x0000003c   Code   RO          179    .text.MX_USART1_UART_Init  usart.o
    0x08003124   0x08003124   0x00000002   Code   RO          198    .text.MemManage_Handler  stm32f1xx_it.o
    0x08003126   0x08003126   0x00000002   PAD
    0x08003128   0x08003128   0x00000002   Code   RO          194    .text.NMI_Handler   stm32f1xx_it.o
    0x0800312a   0x0800312a   0x00000002   PAD
    0x0800312c   0x0800312c   0x00000040   Code   RO           60    .text.OLED_DrawFilledRectangle  oled.o
    0x0800316c   0x0800316c   0x000000a4   Code   RO           62    .text.OLED_DrawFilledRectangleWithCorners  oled.o
    0x08003210   0x08003210   0x000002ee   Code   RO           56    .text.OLED_DrawLine  oled.o
    0x080034fe   0x080034fe   0x00000002   PAD
    0x08003500   0x08003500   0x0000005c   Code   RO           58    .text.OLED_DrawRectangle  oled.o
    0x0800355c   0x0800355c   0x00000332   Code   RO           32    .text.OLED_Init     oled.o
    0x0800388e   0x0800388e   0x00000002   PAD
    0x08003890   0x08003890   0x00000014   Code   RO           40    .text.OLED_NewFrame  oled.o
    0x080038a4   0x080038a4   0x00000058   Code   RO           78    .text.OLED_PrintASCIIString  oled.o
    0x080038fc   0x080038fc   0x00000124   Code   RO           50    .text.OLED_SetBits_Fine  oled.o
    0x08003a20   0x08003a20   0x000003c6   Code   RO           54    .text.OLED_SetBlock  oled.o
    0x08003de6   0x08003de6   0x00000002   PAD
    0x08003de8   0x08003de8   0x000000a0   Code   RO           42    .text.OLED_ShowFrame  oled.o
    0x08003e88   0x08003e88   0x00000002   Code   RO          208    .text.PendSV_Handler  stm32f1xx_it.o
    0x08003e8a   0x08003e8a   0x00000002   PAD
    0x08003e8c   0x08003e8c   0x00000002   Code   RO          204    .text.SVC_Handler   stm32f1xx_it.o
    0x08003e8e   0x08003e8e   0x00000002   PAD
    0x08003e90   0x08003e90   0x00000004   Code   RO          210    .text.SysTick_Handler  stm32f1xx_it.o
    0x08003e94   0x08003e94   0x00000002   Code   RO          848    .text.SystemInit    system_stm32f1xx.o
    0x08003e96   0x08003e96   0x00000002   PAD
    0x08003e98   0x08003e98   0x00000150   Code   RO          123    .text.UI_Show       main.o
    0x08003fe8   0x08003fe8   0x00000002   Code   RO          202    .text.UsageFault_Handler  stm32f1xx_it.o
    0x08003fea   0x08003fea   0x00000002   PAD
    0x08003fec   0x08003fec   0x00000020   Code   RO           95    .text.fputc         main.o
    0x0800400c   0x0800400c   0x00000664   Code   RO          101    .text.main          main.o
    0x08004670   0x08004670   0x0000000e   Code   RO          937    i.__scatterload_copy  mc_w.l(handlers.o)
    0x0800467e   0x0800467e   0x00000002   Code   RO          938    i.__scatterload_null  mc_w.l(handlers.o)
    0x08004680   0x08004680   0x0000000e   Code   RO          939    i.__scatterload_zeroinit  mc_w.l(handlers.o)
    0x0800468e   0x0800468e   0x00000002   PAD
    0x08004690   0x08004690   0x00000024   Code   RO          865    i.puts              mc_w.l(puts.o)
    0x080046b4   0x080046b4   0x00000010   Data   RO          853    .rodata.AHBPrescTable  system_stm32f1xx.o
    0x080046c4   0x080046c4   0x00000008   Data   RO          854    .rodata.APBPrescTable  system_stm32f1xx.o
    0x080046cc   0x080046cc   0x00000002   Data   RO          482    .rodata.HAL_RCC_GetSysClockFreq.aPredivFactorTable  stm32f1xx_hal_rcc.o
    0x080046ce   0x080046ce   0x00000002   PAD
    0x080046d0   0x080046d0   0x00000008   Data   RO           12    .rodata.afont8x6    font.o
    0x080046d8   0x080046d8   0x00000228   Data   RO           11    .rodata.ascii_8x6   font.o
    0x08004900   0x08004900   0x00000010   Data   RO          481    .rodata.cst16       stm32f1xx_hal_rcc.o
    0x08004910   0x08004910   0x0000006a   Data   RO          125    .rodata.str1.1      main.o
    0x0800497a   0x0800497a   0x00000002   PAD
    0x0800497c   0x0800497c   0x00000020   Data   RO          936    Region$$Table       anon$$obj.o


    Execution Region RW_IRAM1 (Exec base: 0x20000000, Load base: 0x080049a0, Size: 0x00000bf8, Max: 0x00010000, ABSOLUTE, COMPRESSED[0x00000070])

    Exec Addr    Load Addr    Size         Type   Attr      Idx    E Section Name        Object

    0x20000000   COMPRESSED   0x00000004   Data   RW          921    .data               mc_w.l(stdout.o)
    0x20000004   COMPRESSED   0x00000008   Data   RW          134    .data..L_MergedGlobals  main.o
    0x2000000c   COMPRESSED   0x00000008   Data   RW          444    .data..L_MergedGlobals  stm32f1xx_hal.o
    0x20000014   COMPRESSED   0x00000004   Data   RW          852    .data.SystemCoreClock  system_stm32f1xx.o
    0x20000018   COMPRESSED   0x00000014   Data   RW          126    .data.listMenu      main.o
    0x2000002c   COMPRESSED   0x000000e0   Data   RW          128    .data.listMenuItems  main.o
    0x2000010c   COMPRESSED   0x00000014   Data   RW          129    .data.mainMenu      main.o
    0x20000120   COMPRESSED   0x000000e0   Data   RW          127    .data.mainMenuItems  main.o
    0x20000200        -       0x0000004c   Zero   RW          135    .bss..L_MergedGlobals.18  main.o
    0x2000024c        -       0x00000400   Zero   RW           85    .bss.OLED_GRAM      oled.o
    0x2000064c        -       0x00000002   Zero   RW           84    .bss.OLED_SendCmd.sendBuffer  oled.o
    0x2000064e        -       0x00000081   Zero   RW           86    .bss.OLED_ShowFrame.sendBuffer  oled.o
    0x200006cf   COMPRESSED   0x00000001   PAD
    0x200006d0        -       0x00000044   Zero   RW          169    .bss.hdma_i2c1_rx   i2c.o
    0x20000714        -       0x00000044   Zero   RW          170    .bss.hdma_i2c1_tx   i2c.o
    0x20000758        -       0x00000054   Zero   RW          168    .bss.hi2c1          i2c.o
    0x200007ac        -       0x00000048   Zero   RW          185    .bss.huart1         usart.o
    0x200007f4        -       0x00000004   Zero   RW          443    .bss.uwTick         stm32f1xx_hal.o
    0x200007f8        -       0x00000400   Zero   RW            1    STACK               startup_stm32f103xe.o


==============================================================================

Image component sizes


      Code (inc. data)   RO Data    RW Data    ZI Data      Debug   Object Name

        68          0          0          0          0       2498   dma.o
         0          0        560          0          0       1231   font.o
       158          0          0          0          0       3000   gpio.o
       304          0          0          0        220       6239   i2c.o
      2208          8        106        496         76      11162   main.o
      3414          0          0          0       1155      28358   oled.o
        36          8        304          0       1024        784   startup_stm32f103xe.o
       188          0          0          8          4       6073   stm32f1xx_hal.o
       196          0          0          0          0       8764   stm32f1xx_hal_cortex.o
      1282          0          0          0          0       8572   stm32f1xx_hal_dma.o
       530         22          0          0          0       4597   stm32f1xx_hal_gpio.o
      4860         16          0          0          0      44485   stm32f1xx_hal_i2c.o
        66          0          0          0          0       1192   stm32f1xx_hal_msp.o
      1550          0         18          0          0       7924   stm32f1xx_hal_rcc.o
       602          0          0          0          0      32509   stm32f1xx_hal_uart.o
        82          0          0          0          0       4662   stm32f1xx_it.o
         2          0         24          4          0       1581   system_stm32f1xx.o
       182          0          0          0         72       4517   usart.o

    ----------------------------------------------------------------------
     15828         54       1048        508       2552     178148   Object Totals
         0          0         32          0          0          0   (incl. Generated)
       100          0          4          0          1          0   (incl. Padding)

    ----------------------------------------------------------------------

      Code (inc. data)   RO Data    RW Data    ZI Data      Debug   Library Member Name

        86          0          0          0          0          0   __dczerorl2.o
         0          0          0          0          0          0   entry.o
         0          0          0          0          0          0   entry10a.o
         0          0          0          0          0          0   entry11a.o
         8          4          0          0          0          0   entry2.o
         4          0          0          0          0          0   entry5.o
         0          0          0          0          0          0   entry7b.o
         0          0          0          0          0          0   entry8b.o
         8          4          0          0          0          0   entry9a.o
        30          0          0          0          0          0   handlers.o
        48         10          0          0          0         68   init.o
         0          0          0          0          0          0   iusefp.o
        30          0          0          0          0         68   llshl.o
        36          0          0          0          0         68   llsshr.o
        32          0          0          0          0         68   llushr.o
        36          0          0          0          0         68   memcpya.o
        36          0          0          0          0        108   memseta.o
        36          6          0          0          0         80   puts.o
         0          0          0          4          0          0   stdout.o
       334          0          0          0          0        148   dadd.o
       186          0          0          0          0        176   depilogue.o
        62          0          0          0          0         80   dfixi.o
        34          0          0          0          0         76   dflti.o
       228          0          0          0          0         96   dmul.o
        38          0          0          0          0         68   f2d.o
       176          0          0          0          0        140   fadd.o
        28          0          0          0          0         68   fcmpeq.o
        28          0          0          0          0         68   fcmpgt.o
        28          0          0          0          0         68   fcmple.o
        28          0          0          0          0         68   fcmplt.o
       124          0          0          0          0         88   fdiv.o
       110          0          0          0          0        168   fepilogue.o
        50          0          0          0          0         68   ffixi.o
        18          0          0          0          0         68   fflti.o
       100          0          0          0          0         76   fmul.o

    ----------------------------------------------------------------------
      1968         24          0          4          0       2052   Library Totals
         6          0          0          0          0          0   (incl. Padding)

    ----------------------------------------------------------------------

      Code (inc. data)   RO Data    RW Data    ZI Data      Debug   Library Name

       390         24          0          4          0        528   mc_w.l
      1572          0          0          0          0       1524   mf_w.l

    ----------------------------------------------------------------------
      1968         24          0          4          0       2052   Library Totals

    ----------------------------------------------------------------------

==============================================================================


      Code (inc. data)   RO Data    RW Data    ZI Data      Debug   

     17796         78       1048        512       2552     179092   Grand Totals
     17796         78       1048        112       2552     179092   ELF Image Totals (compressed)
     17796         78       1048        112          0          0   ROM Totals

==============================================================================

    Total RO  Size (Code + RO Data)                18844 (  18.40kB)
    Total RW  Size (RW Data + ZI Data)              3064 (   2.99kB)
    Total ROM Size (Code + RO Data + RW Data)      18956 (  18.51kB)

==============================================================================

